Archive member included to satisfy reference by file (symbol)

e:/picosdk/gcc-arm-none-eabi/bin/../lib/gcc/arm-none-eabi/10.3.1/thumb/v6-m/nofp\libgcc.a(_dvmd_tls.o)
                              CMakeFiles/main.dir/E_/PicoSDK/pico-sdk/src/rp2_common/pico_divider/divider.S.obj (__aeabi_idiv0)
e:/picosdk/gcc-arm-none-eabi/bin/../lib/gcc/arm-none-eabi/10.3.1/../../../../arm-none-eabi/lib/thumb/v6-m/nofp\libg.a(lib_a-calloc.o)
                              CMakeFiles/main.dir/E_/PicoSDK/pico-sdk/src/rp2_common/pico_malloc/pico_malloc.c.obj (calloc)
e:/picosdk/gcc-arm-none-eabi/bin/../lib/gcc/arm-none-eabi/10.3.1/../../../../arm-none-eabi/lib/thumb/v6-m/nofp\libg.a(lib_a-callocr.o)
                              e:/picosdk/gcc-arm-none-eabi/bin/../lib/gcc/arm-none-eabi/10.3.1/../../../../arm-none-eabi/lib/thumb/v6-m/nofp\libg.a(lib_a-calloc.o) (_calloc_r)
e:/picosdk/gcc-arm-none-eabi/bin/../lib/gcc/arm-none-eabi/10.3.1/../../../../arm-none-eabi/lib/thumb/v6-m/nofp\libg.a(lib_a-errno.o)
                              e:/picosdk/gcc-arm-none-eabi/bin/../lib/gcc/arm-none-eabi/10.3.1/../../../../arm-none-eabi/lib/thumb/v6-m/nofp\libg.a(lib_a-callocr.o) (__errno)
e:/picosdk/gcc-arm-none-eabi/bin/../lib/gcc/arm-none-eabi/10.3.1/../../../../arm-none-eabi/lib/thumb/v6-m/nofp\libg.a(lib_a-impure.o)
                              e:/picosdk/gcc-arm-none-eabi/bin/../lib/gcc/arm-none-eabi/10.3.1/../../../../arm-none-eabi/lib/thumb/v6-m/nofp\libg.a(lib_a-calloc.o) (_impure_ptr)
e:/picosdk/gcc-arm-none-eabi/bin/../lib/gcc/arm-none-eabi/10.3.1/../../../../arm-none-eabi/lib/thumb/v6-m/nofp\libg.a(lib_a-init.o)
                              e:/picosdk/gcc-arm-none-eabi/bin/../lib/gcc/arm-none-eabi/10.3.1/../../../../arm-none-eabi/lib/thumb/v6-m/nofp/crt0.o (__libc_init_array)
e:/picosdk/gcc-arm-none-eabi/bin/../lib/gcc/arm-none-eabi/10.3.1/../../../../arm-none-eabi/lib/thumb/v6-m/nofp\libg.a(lib_a-malloc.o)
                              CMakeFiles/main.dir/E_/PicoSDK/pico-sdk/src/rp2_common/pico_malloc/pico_malloc.c.obj (malloc)
e:/picosdk/gcc-arm-none-eabi/bin/../lib/gcc/arm-none-eabi/10.3.1/../../../../arm-none-eabi/lib/thumb/v6-m/nofp\libg.a(lib_a-mallocr.o)
                              e:/picosdk/gcc-arm-none-eabi/bin/../lib/gcc/arm-none-eabi/10.3.1/../../../../arm-none-eabi/lib/thumb/v6-m/nofp\libg.a(lib_a-callocr.o) (_malloc_r)
e:/picosdk/gcc-arm-none-eabi/bin/../lib/gcc/arm-none-eabi/10.3.1/../../../../arm-none-eabi/lib/thumb/v6-m/nofp\libg.a(lib_a-memcmp.o)
                              CMakeFiles/main.dir/libraries/ioLibrary_Driver/Internet/MQTT/MQTTPacket/src/MQTTConnectServer.c.obj (memcmp)
e:/picosdk/gcc-arm-none-eabi/bin/../lib/gcc/arm-none-eabi/10.3.1/../../../../arm-none-eabi/lib/thumb/v6-m/nofp\libg.a(lib_a-mlock.o)
                              e:/picosdk/gcc-arm-none-eabi/bin/../lib/gcc/arm-none-eabi/10.3.1/../../../../arm-none-eabi/lib/thumb/v6-m/nofp\libg.a(lib_a-mallocr.o) (__malloc_lock)
e:/picosdk/gcc-arm-none-eabi/bin/../lib/gcc/arm-none-eabi/10.3.1/../../../../arm-none-eabi/lib/thumb/v6-m/nofp\libg.a(lib_a-realloc.o)
                              CMakeFiles/main.dir/E_/PicoSDK/pico-sdk/src/rp2_common/pico_malloc/pico_malloc.c.obj (realloc)
e:/picosdk/gcc-arm-none-eabi/bin/../lib/gcc/arm-none-eabi/10.3.1/../../../../arm-none-eabi/lib/thumb/v6-m/nofp\libg.a(lib_a-reallocr.o)
                              e:/picosdk/gcc-arm-none-eabi/bin/../lib/gcc/arm-none-eabi/10.3.1/../../../../arm-none-eabi/lib/thumb/v6-m/nofp\libg.a(lib_a-realloc.o) (_realloc_r)
e:/picosdk/gcc-arm-none-eabi/bin/../lib/gcc/arm-none-eabi/10.3.1/../../../../arm-none-eabi/lib/thumb/v6-m/nofp\libg.a(lib_a-sbrkr.o)
                              e:/picosdk/gcc-arm-none-eabi/bin/../lib/gcc/arm-none-eabi/10.3.1/../../../../arm-none-eabi/lib/thumb/v6-m/nofp\libg.a(lib_a-mallocr.o) (_sbrk_r)
e:/picosdk/gcc-arm-none-eabi/bin/../lib/gcc/arm-none-eabi/10.3.1/../../../../arm-none-eabi/lib/thumb/v6-m/nofp\libg.a(lib_a-strcpy.o)
                              CMakeFiles/main.dir/roles/runner.c.obj (strcpy)
e:/picosdk/gcc-arm-none-eabi/bin/../lib/gcc/arm-none-eabi/10.3.1/../../../../arm-none-eabi/lib/thumb/v6-m/nofp\libg.a(lib_a-strlen-stub.o)
                              CMakeFiles/main.dir/main.c.obj (strlen)
e:/picosdk/gcc-arm-none-eabi/bin/../lib/gcc/arm-none-eabi/10.3.1/../../../../arm-none-eabi/lib/thumb/v6-m/nofp\libg.a(lib_a-strncmp.o)
                              CMakeFiles/main.dir/libraries/ioLibrary_Driver/Internet/MQTT/MQTTPacket/src/MQTTPacket.c.obj (strncmp)
e:/picosdk/gcc-arm-none-eabi/bin/../lib/gcc/arm-none-eabi/10.3.1/../../../../arm-none-eabi/lib/thumb/v6-m/nofp\libg.a(lib_a-strstr.o)
                              CMakeFiles/main.dir/main.c.obj (strstr)
e:/picosdk/gcc-arm-none-eabi/bin/../lib/gcc/arm-none-eabi/10.3.1/../../../../arm-none-eabi/lib/thumb/v6-m/nofp\libg.a(lib_a-freer.o)
[...]
Memory Configuration

Name             Origin             Length             Attributes
FLASH            0x10000000         0x00200000         xr
RAM              0x20000000         0x00040000         xrw
SCRATCH_X        0x20040000         0x00001000         xrw
SCRATCH_Y        0x20041000         0x00001000         xrw
*default*        0x00000000         0xffffffff

Linker script and memory map

LOAD e:/picosdk/gcc-arm-none-eabi/bin/../lib/gcc/arm-none-eabi/10.3.1/thumb/v6-m/nofp/crti.o
LOAD e:/picosdk/gcc-arm-none-eabi/bin/../lib/gcc/arm-none-eabi/10.3.1/thumb/v6-m/nofp/crtbegin.o
LOAD e:/picosdk/gcc-arm-none-eabi/bin/../lib/gcc/arm-none-eabi/10.3.1/../../../../arm-none-eabi/lib/thumb/v6-m/nofp/crt0.o

.flash_begin    0x10000000        0x0
                0x10000000                __flash_binary_start = .

.boot2          0x10000000      0x100
                0x10000000                __boot2_start__ = .
 *(.boot2)
 .boot2         0x10000000      0x100 D:\Local\Temp\ccOzkuwn.o
                0x10000100                __boot2_end__ = .
                0x00000001                ASSERT (((__boot2_end__ - __boot2_start__) == 0x100), ERROR: Pico second stage bootloader must be 256 bytes in size)

.text           0x10000100     0x8d48
                0x10000100                __logical_binary_start = .
 *(.vectors)
 .vectors       0x10000100       0xd4 CMakeFiles/main.dir/E_/PicoSDK/pico-sdk/src/rp2_common/pico_standard_link/crt0.S.obj
                0x10000100                __vectors
                0x10000100                __VECTOR_TABLE
                0x100001c0                isr_invalid
                0x100001c0                __default_isrs_start
                0x100001c2                isr_nmi
                0x100001c4                isr_hardfault
                0x100001cc                isr_irq11
                0x100001cc                isr_irq23
                0x100001cc                isr_irq18
                0x100001cc                isr_irq5
                0x100001cc                isr_irq31
                0x100001cc                isr_irq27
                0x100001cc                isr_irq19
                0x100001cc                isr_irq0
                0x100001cc                isr_irq6
                0x100001cc                isr_irq13
                0x100001cc                isr_irq12
                0x100001cc                isr_irq22
                0x100001cc                __unhandled_user_irq
                0x100001cc                isr_irq17
                0x100001cc                isr_irq14
                0x100001cc                isr_irq28
                0x100001cc                isr_irq2
                0x100001cc                isr_irq10
                0x100001cc                isr_irq8
                0x100001cc                isr_irq24
                0x100001cc                isr_irq1
                0x100001cc                isr_irq7
                0x100001cc                isr_irq21
                0x100001cc                isr_irq20
                0x100001cc                isr_irq15
                0x100001cc                isr_irq25
                0x100001cc                isr_irq30
                0x100001cc                isr_irq4
                0x100001cc                isr_irq16
                0x100001cc                isr_irq29
                0x100001cc                isr_irq26
                0x100001cc                __default_isrs_end
                0x100001cc                isr_irq3
                0x100001cc                isr_irq9
                0x100001d2                unhandled_user_irq_num_in_r0
 *(.binary_info_header)
 .binary_info_header
                0x100001d4       0x14 CMakeFiles/main.dir/E_/PicoSDK/pico-sdk/src/rp2_common/pico_standard_link/crt0.S.obj
                0x100001e8                __binary_info_header_end = .
 *(.reset)
 .reset         0x100001e8       0xa0 CMakeFiles/main.dir/E_/PicoSDK/pico-sdk/src/rp2_common/pico_standard_link/crt0.S.obj
                0x100001e8                _entry_point
 .reset         0x10000288       0x30 CMakeFiles/main.dir/E_/PicoSDK/pico-sdk/src/rp2_common/pico_standard_link/binary_info.c.obj
 *(.init)
 .init          0x100002b8        0x4 e:/picosdk/gcc-arm-none-eabi/bin/../lib/gcc/arm-none-eabi/10.3.1/thumb/v6-m/nofp/crti.o
                0x100002b8                _init
 *(EXCLUDE_FILE(*libm.a: *libc.a:*lib_a-mem*.o *libgcc.a:) .text*)
 .text          0x100002bc       0x48 e:/picosdk/gcc-arm-none-eabi/bin/../lib/gcc/arm-none-eabi/10.3.1/thumb/v6-m/nofp/crtbegin.o
 .text.repeating_timer_callback
                0x10000304       0x14 CMakeFiles/main.dir/main.c.obj
 .text.set_clock_khz
                0x10000318       0x44 CMakeFiles/main.dir/main.c.obj
 .text.button_task
                0x1000035c      0x188 CMakeFiles/main.dir/main.c.obj
                0x1000035c                button_task
 .text.mqtt_task
                0x100004e4      0x1c4 CMakeFiles/main.dir/main.c.obj
                0x100004e4                mqtt_task
 .text.message_arrived
                0x100006a8      0x110 CMakeFiles/main.dir/main.c.obj
 .text.yield_task
                0x100007b8       0x44 CMakeFiles/main.dir/main.c.obj
                0x100007b8                yield_task
 .text.initPins
                0x100007fc       0x54 CMakeFiles/main.dir/main.c.obj
                0x100007fc                initPins
 .text.main     0x10000850       0x90 CMakeFiles/main.dir/main.c.obj
                0x10000850                main
 .text.set_sys_clock_pll
                0x100008e0       0x78 CMakeFiles/main.dir/E_/PicoSDK/pico-sdk/src/rp2_common/pico_stdlib/stdlib.c.obj
                0x100008e0                set_sys_clock_pll
 .text.check_sys_clock_khz
                0x10000958       0xa4 CMakeFiles/main.dir/E_/PicoSDK/pico-sdk/src/rp2_common/pico_stdlib/stdlib.c.obj
                0x10000958                check_sys_clock_khz
 .text.gpio_set_function
                0x100009fc       0x30 CMakeFiles/main.dir/E_/PicoSDK/pico-sdk/src/rp2_common/hardware_gpio/gpio.c.obj
                0x100009fc                gpio_set_function
 .text.gpio_init
                0x10000a2c       0x16 CMakeFiles/main.dir/E_/PicoSDK/pico-sdk/src/rp2_common/hardware_gpio/gpio.c.obj
                0x10000a2c                gpio_init
 *fill*         0x10000a42        0x2 
 .text.running_on_fpga
                0x10000a44       0x14 CMakeFiles/main.dir/E_/PicoSDK/pico-sdk/src/rp2_common/pico_platform/platform.c.obj
                0x10000a44                running_on_fpga
 .text.hw_claim_lock
                0x10000a58       0x18 CMakeFiles/main.dir/E_/PicoSDK/pico-sdk/src/rp2_common/hardware_claim/claim.c.obj
                0x10000a58                hw_claim_lock
 .text.hw_claim_unlock
                0x10000a70       0x14 CMakeFiles/main.dir/E_/PicoSDK/pico-sdk/src/rp2_common/hardware_claim/claim.c.obj
                0x10000a70                hw_claim_unlock
 .text.hw_claim_or_assert
                0x10000a84       0x32 CMakeFiles/main.dir/E_/PicoSDK/pico-sdk/src/rp2_common/hardware_claim/claim.c.obj
                0x10000a84                hw_claim_or_assert
 .text.hw_claim_unused_from_range
                0x10000ab6       0x50 CMakeFiles/main.dir/E_/PicoSDK/pico-sdk/src/rp2_common/hardware_claim/claim.c.obj
                0x10000ab6                hw_claim_unused_from_range
 *fill*         0x10000b06        0x2 
 .text.spin_locks_reset
                0x10000b08       0x20 CMakeFiles/main.dir/E_/PicoSDK/pico-sdk/src/rp2_common/hardware_sync/sync.c.obj
                0x10000b08                spin_locks_reset
 .text.next_striped_spin_lock_num
                0x10000b28       0x1c CMakeFiles/main.dir/E_/PicoSDK/pico-sdk/src/rp2_common/hardware_sync/sync.c.obj
                0x10000b28                next_striped_spin_lock_num
 .text.spin_lock_claim_unused
                0x10000b44       0x20 CMakeFiles/main.dir/E_/PicoSDK/pico-sdk/src/rp2_common/hardware_sync/sync.c.obj
                0x10000b44                spin_lock_claim_unused
 .text.set_raw_irq_handler_and_unlock
                0x10000b64       0x28 CMakeFiles/main.dir/E_/PicoSDK/pico-sdk/src/rp2_common/hardware_irq/irq.c.obj
 .text.make_branch
                0x10000b8c       0x48 CMakeFiles/main.dir/E_/PicoSDK/pico-sdk/src/rp2_common/hardware_irq/irq.c.obj
 .text.insert_branch_and_link
                0x10000bd4       0x40 CMakeFiles/main.dir/E_/PicoSDK/pico-sdk/src/rp2_common/hardware_irq/irq.c.obj
 .text.irq_is_enabled
                0x10000c14       0x18 CMakeFiles/main.dir/E_/PicoSDK/pico-sdk/src/rp2_common/hardware_irq/irq.c.obj
                0x10000c14                irq_is_enabled
 .text.irq_set_mask_enabled
                0x10000c2c       0x20 CMakeFiles/main.dir/E_/PicoSDK/pico-sdk/src/rp2_common/hardware_irq/irq.c.obj
                0x10000c2c                irq_set_mask_enabled
 .text.irq_set_enabled
                0x10000c4c        0xe CMakeFiles/main.dir/E_/PicoSDK/pico-sdk/src/rp2_common/hardware_irq/irq.c.obj
                0x10000c4c                irq_set_enabled
 *fill*         0x10000c5a        0x2 
 .text.irq_get_vtable_handler
                0x10000c5c       0x10 CMakeFiles/main.dir/E_/PicoSDK/pico-sdk/src/rp2_common/hardware_irq/irq.c.obj
                0x10000c5c                irq_get_vtable_handler
 .text.irq_set_exclusive_handler
                0x10000c6c       0x54 CMakeFiles/main.dir/E_/PicoSDK/pico-sdk/src/rp2_common/hardware_irq/irq.c.obj
                0x10000c6c                irq_set_exclusive_handler
 .text.irq_remove_handler
                0x10000cc0      0x1ac CMakeFiles/main.dir/E_/PicoSDK/pico-sdk/src/rp2_common/hardware_irq/irq.c.obj
                0x10000cc0                irq_remove_handler
 .text.irq_add_tail_to_free_list
                0x10000e6c       0xf0 CMakeFiles/main.dir/E_/PicoSDK/pico-sdk/src/rp2_common/hardware_irq/irq.c.obj
                0x10000e6c                irq_add_tail_to_free_list
 .text.irq_init_priorities
                0x10000f5c       0x1c CMakeFiles/main.dir/E_/PicoSDK/pico-sdk/src/rp2_common/hardware_irq/irq.c.obj
                0x10000f5c                irq_init_priorities
 .text.lock_init
                0x10000f78       0x10 CMakeFiles/main.dir/E_/PicoSDK/pico-sdk/src/common/pico_sync/lock_core.c.obj
                0x10000f78                lock_init
 .text.mutex_init
                0x10000f88       0x1a CMakeFiles/main.dir/E_/PicoSDK/pico-sdk/src/common/pico_sync/mutex.c.obj
                0x10000f88                mutex_init
 .text.recursive_mutex_init
                0x10000fa2       0x1e CMakeFiles/main.dir/E_/PicoSDK/pico-sdk/src/common/pico_sync/mutex.c.obj
                0x10000fa2                recursive_mutex_init
 .text.critical_section_init_with_lock_num
                0x10000fc0       0x14 CMakeFiles/main.dir/E_/PicoSDK/pico-sdk/src/common/pico_sync/critical_section.c.obj
                0x10000fc0                critical_section_init_with_lock_num
 .text.critical_section_init
                0x10000fd4       0x14 CMakeFiles/main.dir/E_/PicoSDK/pico-sdk/src/common/pico_sync/critical_section.c.obj
                0x10000fd4                critical_section_init
 .text.repeating_timer_callback
                0x10000fe8       0x40 CMakeFiles/main.dir/E_/PicoSDK/pico-sdk/src/common/pico_time/time.c.obj
 .text.alarm_pool_post_alloc_init
                0x10001028       0x40 CMakeFiles/main.dir/E_/PicoSDK/pico-sdk/src/common/pico_time/time.c.obj
 .text.sleep_until_callback
                0x10001068       0x30 CMakeFiles/main.dir/E_/PicoSDK/pico-sdk/src/common/pico_time/time.c.obj
 .text.timer_pool_entry_comparator
                0x10001098       0x7c CMakeFiles/main.dir/E_/PicoSDK/pico-sdk/src/common/pico_time/time.c.obj
                0x10001098                timer_pool_entry_comparator
 .text.ph_add_child_node
                0x10001114       0xa4 CMakeFiles/main.dir/E_/PicoSDK/pico-sdk/src/common/pico_time/time.c.obj
 .text.ph_merge_nodes
                0x100011b8       0x3e CMakeFiles/main.dir/E_/PicoSDK/pico-sdk/src/common/pico_time/time.c.obj
 *fill*         0x100011f6        0x2 
 .text.add_alarm_under_lock
                0x100011f8      0x174 CMakeFiles/main.dir/E_/PicoSDK/pico-sdk/src/common/pico_time/time.c.obj
 .text.alarm_pool_alarm_callback
                0x1000136c      0x33c CMakeFiles/main.dir/E_/PicoSDK/pico-sdk/src/common/pico_time/time.c.obj
 .text.alarm_pool_init_default
                0x100016a8       0x40 CMakeFiles/main.dir/E_/PicoSDK/pico-sdk/src/common/pico_time/time.c.obj
                0x100016a8                alarm_pool_init_default
 .text.alarm_pool_get_default
                0x100016e8       0x2c CMakeFiles/main.dir/E_/PicoSDK/pico-sdk/src/common/pico_time/time.c.obj
                0x100016e8                alarm_pool_get_default
 .text.alarm_pool_add_alarm_at
                0x10001714      0x168 CMakeFiles/main.dir/E_/PicoSDK/pico-sdk/src/common/pico_time/time.c.obj
                0x10001714                alarm_pool_add_alarm_at
 .text.alarm_pool_cancel_alarm
                0x1000187c       0xf8 CMakeFiles/main.dir/E_/PicoSDK/pico-sdk/src/common/pico_time/time.c.obj
                0x1000187c                alarm_pool_cancel_alarm
 .text.alarm_pool_add_repeating_timer_us
                0x10001974       0x98 CMakeFiles/main.dir/E_/PicoSDK/pico-sdk/src/common/pico_time/time.c.obj
                0x10001974                alarm_pool_add_repeating_timer_us
 .text.sleep_until
                0x10001a0c       0xfc CMakeFiles/main.dir/E_/PicoSDK/pico-sdk/src/common/pico_time/time.c.obj
                0x10001a0c                sleep_until
 .text.sleep_us
                0x10001b08       0x58 CMakeFiles/main.dir/E_/PicoSDK/pico-sdk/src/common/pico_time/time.c.obj
                0x10001b08                sleep_us
 .text.sleep_ms
                0x10001b60       0x14 CMakeFiles/main.dir/E_/PicoSDK/pico-sdk/src/common/pico_time/time.c.obj
                0x10001b60                sleep_ms
 .text.best_effort_wfe_or_timeout
                0x10001b74       0xac CMakeFiles/main.dir/E_/PicoSDK/pico-sdk/src/common/pico_time/time.c.obj
                0x10001b74                best_effort_wfe_or_timeout
 .text.hardware_alarm_irq_handler
                0x10001c20       0x90 CMakeFiles/main.dir/E_/PicoSDK/pico-sdk/src/rp2_common/hardware_timer/timer.c.obj
 .text.hardware_alarm_claim
                0x10001cb0       0x18 CMakeFiles/main.dir/E_/PicoSDK/pico-sdk/src/rp2_common/hardware_timer/timer.c.obj
                0x10001cb0                hardware_alarm_claim
 .text.time_us_64
                0x10001cc8       0x18 CMakeFiles/main.dir/E_/PicoSDK/pico-sdk/src/rp2_common/hardware_timer/timer.c.obj
                0x10001cc8                time_us_64
 .text.busy_wait_until
                0x10001ce0       0x28 CMakeFiles/main.dir/E_/PicoSDK/pico-sdk/src/rp2_common/hardware_timer/timer.c.obj
                0x10001ce0                busy_wait_until
 .text.busy_wait_us
                0x10001d08       0x48 CMakeFiles/main.dir/E_/PicoSDK/pico-sdk/src/rp2_common/hardware_timer/timer.c.obj
                0x10001d08                busy_wait_us
 .text.hardware_alarm_set_callback
                0x10001d50       0x90 CMakeFiles/main.dir/E_/PicoSDK/pico-sdk/src/rp2_common/hardware_timer/timer.c.obj
                0x10001d50                hardware_alarm_set_callback
 .text.hardware_alarm_set_target
                0x10001de0       0xe8 CMakeFiles/main.dir/E_/PicoSDK/pico-sdk/src/rp2_common/hardware_timer/timer.c.obj
                0x10001de0                hardware_alarm_set_target
 .text.hardware_alarm_cancel
                0x10001ec8       0x40 CMakeFiles/main.dir/E_/PicoSDK/pico-sdk/src/rp2_common/hardware_timer/timer.c.obj
                0x10001ec8                hardware_alarm_cancel
 .text.ph_add_child_node
                0x10001f08       0xa4 CMakeFiles/main.dir/E_/PicoSDK/pico-sdk/src/common/pico_util/pheap.c.obj
 .text.ph_merge_nodes
                0x10001fac       0x3e CMakeFiles/main.dir/E_/PicoSDK/pico-sdk/src/common/pico_util/pheap.c.obj
 *fill*         0x10001fea        0x2 
 .text.ph_clear
                0x10001fec       0x70 CMakeFiles/main.dir/E_/PicoSDK/pico-sdk/src/common/pico_util/pheap.c.obj
                0x10001fec                ph_clear
 .text.ph_post_alloc_init
                0x1000205c        0xe CMakeFiles/main.dir/E_/PicoSDK/pico-sdk/src/common/pico_util/pheap.c.obj
                0x1000205c                ph_post_alloc_init
 *fill*         0x1000206a        0x2 
 .text.ph_merge_two_pass
                0x1000206c       0xa8 CMakeFiles/main.dir/E_/PicoSDK/pico-sdk/src/common/pico_util/pheap.c.obj
                0x1000206c                ph_merge_two_pass
 .text.ph_remove_any_head
                0x10002114      0x128 CMakeFiles/main.dir/E_/PicoSDK/pico-sdk/src/common/pico_util/pheap.c.obj
 .text.ph_remove_head
                0x1000223c       0x14 CMakeFiles/main.dir/E_/PicoSDK/pico-sdk/src/common/pico_util/pheap.c.obj
                0x1000223c                ph_remove_head
 .text.ph_remove_and_free_node
                0x10002250       0xf8 CMakeFiles/main.dir/E_/PicoSDK/pico-sdk/src/common/pico_util/pheap.c.obj
                0x10002250                ph_remove_and_free_node
 .text.uart_disable_before_lcr_write
                0x10002348       0x48 CMakeFiles/main.dir/E_/PicoSDK/pico-sdk/src/rp2_common/hardware_uart/uart.c.obj
 .text.uart_write_lcr_bits_masked
                0x10002390       0x22 CMakeFiles/main.dir/E_/PicoSDK/pico-sdk/src/rp2_common/hardware_uart/uart.c.obj
 *fill*         0x100023b2        0x2 
 .text.uart_set_baudrate
                0x100023b4       0x5c CMakeFiles/main.dir/E_/PicoSDK/pico-sdk/src/rp2_common/hardware_uart/uart.c.obj
                0x100023b4                uart_set_baudrate
 .text.uart_set_format
                0x10002410       0x2c CMakeFiles/main.dir/E_/PicoSDK/pico-sdk/src/rp2_common/hardware_uart/uart.c.obj
                0x10002410                uart_set_format
 .text.uart_set_translate_crlf
                0x1000243c       0x28 CMakeFiles/main.dir/E_/PicoSDK/pico-sdk/src/rp2_common/hardware_uart/uart.c.obj
                0x1000243c                uart_set_translate_crlf
 .text.uart_init
                0x10002464       0x80 CMakeFiles/main.dir/E_/PicoSDK/pico-sdk/src/rp2_common/hardware_uart/uart.c.obj
                0x10002464                uart_init
 .text.clock_configure
                0x100024e4      0x108 CMakeFiles/main.dir/E_/PicoSDK/pico-sdk/src/rp2_common/hardware_clocks/clocks.c.obj
                0x100024e4                clock_configure
 .text.clocks_init
                0x100025ec      0x100 CMakeFiles/main.dir/E_/PicoSDK/pico-sdk/src/rp2_common/hardware_clocks/clocks.c.obj
                0x100025ec                clocks_init
 .text.clock_get_hz
                0x100026ec        0xc CMakeFiles/main.dir/E_/PicoSDK/pico-sdk/src/rp2_common/hardware_clocks/clocks.c.obj
                0x100026ec                clock_get_hz
 .text.pll_init
                0x100026f8      0x120 CMakeFiles/main.dir/E_/PicoSDK/pico-sdk/src/rp2_common/hardware_pll/pll.c.obj
                0x100026f8                pll_init
 .text.watchdog_start_tick
                0x10002818       0x10 CMakeFiles/main.dir/E_/PicoSDK/pico-sdk/src/rp2_common/hardware_watchdog/watchdog.c.obj
                0x10002818                watchdog_start_tick
 .text.xosc_init
                0x10002828       0x28 CMakeFiles/main.dir/E_/PicoSDK/pico-sdk/src/rp2_common/hardware_xosc/xosc.c.obj
                0x10002828                xosc_init
 .text._exit    0x10002850        0x4 CMakeFiles/main.dir/E_/PicoSDK/pico-sdk/src/rp2_common/pico_runtime/runtime.c.obj
                0x10002850                _exit
 .text.exit     0x10002854        0x6 CMakeFiles/main.dir/E_/PicoSDK/pico-sdk/src/rp2_common/pico_runtime/runtime.c.obj
                0x10002854                exit
 *fill*         0x1000285a        0x2 
 .text.__assert_func
                0x1000285c       0x3c CMakeFiles/main.dir/E_/PicoSDK/pico-sdk/src/rp2_common/pico_runtime/runtime.c.obj
                0x1000285c                __assert_func
 .text.runtime_init
                0x10002898       0xf8 CMakeFiles/main.dir/E_/PicoSDK/pico-sdk/src/rp2_common/pico_runtime/runtime.c.obj
                0x10002898                runtime_init
 .text.panic    0x10002990       0x30 CMakeFiles/main.dir/E_/PicoSDK/pico-sdk/src/rp2_common/pico_runtime/runtime.c.obj
                0x10002990                panic
 .text._out_buffer
                0x100029c0        0x8 CMakeFiles/main.dir/E_/PicoSDK/pico-sdk/src/rp2_common/pico_printf/printf.c.obj
 .text._out_null
                0x100029c8        0x2 CMakeFiles/main.dir/E_/PicoSDK/pico-sdk/src/rp2_common/pico_printf/printf.c.obj
 .text._out_fct
                0x100029ca        0xe CMakeFiles/main.dir/E_/PicoSDK/pico-sdk/src/rp2_common/pico_printf/printf.c.obj
 .text._atoi    0x100029d8       0x24 CMakeFiles/main.dir/E_/PicoSDK/pico-sdk/src/rp2_common/pico_printf/printf.c.obj
 .text._out_rev
                0x100029fc       0xae CMakeFiles/main.dir/E_/PicoSDK/pico-sdk/src/rp2_common/pico_printf/printf.c.obj
 .text._ntoa_format
                0x10002aaa      0x112 CMakeFiles/main.dir/E_/PicoSDK/pico-sdk/src/rp2_common/pico_printf/printf.c.obj
 .text._ntoa_long
                0x10002bbc       0xbc CMakeFiles/main.dir/E_/PicoSDK/pico-sdk/src/rp2_common/pico_printf/printf.c.obj
 .text._ntoa_long_long
                0x10002c78       0xe2 CMakeFiles/main.dir/E_/PicoSDK/pico-sdk/src/rp2_common/pico_printf/printf.c.obj
 *fill*         0x10002d5a        0x2 
 .text._etoa    0x10002d5c      0x414 CMakeFiles/main.dir/E_/PicoSDK/pico-sdk/src/rp2_common/pico_printf/printf.c.obj
 .text._ftoa    0x10003170      0x354 CMakeFiles/main.dir/E_/PicoSDK/pico-sdk/src/rp2_common/pico_printf/printf.c.obj
 .text._vsnprintf
                0x100034c4      0x624 CMakeFiles/main.dir/E_/PicoSDK/pico-sdk/src/rp2_common/pico_printf/printf.c.obj
 .text.__wrap_sprintf
                0x10003ae8       0x28 CMakeFiles/main.dir/E_/PicoSDK/pico-sdk/src/rp2_common/pico_printf/printf.c.obj
                0x10003ae8                __wrap_sprintf
 .text.vfctprintf
                0x10003b10       0x20 CMakeFiles/main.dir/E_/PicoSDK/pico-sdk/src/rp2_common/pico_printf/printf.c.obj
                0x10003b10                vfctprintf
 .text          0x10003b30       0x10 CMakeFiles/main.dir/E_/PicoSDK/pico-sdk/src/rp2_common/pico_bit_ops/bit_ops_aeabi.S.obj
 .text.rom_func_lookup
                0x10003b40       0x10 CMakeFiles/main.dir/E_/PicoSDK/pico-sdk/src/rp2_common/pico_bootrom/bootrom.c.obj
                0x10003b40                rom_func_lookup
 .text.rom_data_lookup
                0x10003b50       0x10 CMakeFiles/main.dir/E_/PicoSDK/pico-sdk/src/rp2_common/pico_bootrom/bootrom.c.obj
                0x10003b50                rom_data_lookup
 .text.rom_funcs_lookup
                0x10003b60       0x36 CMakeFiles/main.dir/E_/PicoSDK/pico-sdk/src/rp2_common/pico_bootrom/bootrom.c.obj
                0x10003b60                rom_funcs_lookup
 *fill*         0x10003b96        0x2 
 .text.__wrap___aeabi_idiv
                0x10003b98       0x50 CMakeFiles/main.dir/E_/PicoSDK/pico-sdk/src/rp2_common/pico_divider/divider.S.obj
                0x10003b98                __wrap___aeabi_idivmod
                0x10003b98                divmod_s32s32
                0x10003b98                div_s32s32
                0x10003b98                __wrap___aeabi_idiv
                0x10003ba0                divmod_s32s32_unsafe
                0x10003bcc                divmod_s32s32_savestate
 .text.__wrap___aeabi_uidiv
                0x10003be8       0x4c CMakeFiles/main.dir/E_/PicoSDK/pico-sdk/src/rp2_common/pico_divider/divider.S.obj
                0x10003be8                __wrap___aeabi_uidiv
                0x10003be8                __wrap___aeabi_uidivmod
                0x10003be8                div_u32u32
                0x10003be8                divmod_u32u32
                0x10003bf0                divmod_u32u32_unsafe
                0x10003c18                divmod_u32u32_savestate
 .text.__wrap___aeabi_ldiv
                0x10003c34      0x424 CMakeFiles/main.dir/E_/PicoSDK/pico-sdk/src/rp2_common/pico_divider/divider.S.obj
                0x10003c34                div_s64s64
                0x10003c34                divmod_s64s64
                0x10003c34                __wrap___aeabi_ldivmod
                0x10003c64                divmod_u64u64
                0x10003c64                div_u64u64
                0x10003c64                __wrap___aeabi_uldivmod
                0x10003c74                divmod_u64u64_savestate
                0x10003c94                divmod_s64s64_unsafe
                0x10003d1c                divmod_u64u64_unsafe
 .text.__wrap___aeabi_darithmetic
                0x10004058       0x80 CMakeFiles/main.dir/E_/PicoSDK/pico-sdk/src/rp2_common/pico_double/double_aeabi.S.obj
                0x10004058                __wrap___aeabi_drsub
                0x1000405e                __wrap___aeabi_dsub
                0x10004070                __wrap___aeabi_dadd
                0x10004082                __wrap___aeabi_ddiv
                0x100040be                __wrap___aeabi_dmul
 .text.__wrap___aeabi_cdcmple
                0x100040d8       0x6c CMakeFiles/main.dir/E_/PicoSDK/pico-sdk/src/rp2_common/pico_double/double_aeabi.S.obj
                0x100040d8                __wrap___aeabi_cdrcmple
                0x100040e8                __wrap___aeabi_cdcmpeq
                0x100040e8                __wrap___aeabi_cdcmple
 .text.__wrap___aeabi_dcmplt
                0x10004144        0xc CMakeFiles/main.dir/E_/PicoSDK/pico-sdk/src/rp2_common/pico_double/double_aeabi.S.obj
                0x10004144                __wrap___aeabi_dcmplt
 .text.__wrap___aeabi_dcmple
                0x10004150       0x10 CMakeFiles/main.dir/E_/PicoSDK/pico-sdk/src/rp2_common/pico_double/double_aeabi.S.obj
                0x10004150                __wrap___aeabi_dcmple
 .text.__wrap___aeabi_dcmpge
                0x10004160       0x10 CMakeFiles/main.dir/E_/PicoSDK/pico-sdk/src/rp2_common/pico_double/double_aeabi.S.obj
                0x10004160                __wrap___aeabi_dcmpge
 .text.__wrap___aeabi_dcmpgt
                0x10004170        0xa CMakeFiles/main.dir/E_/PicoSDK/pico-sdk/src/rp2_common/pico_double/double_aeabi.S.obj
                0x10004170                __wrap___aeabi_dcmpgt
 .text.__wrap___aeabi_dcmpun
                0x1000417a       0x1c CMakeFiles/main.dir/E_/PicoSDK/pico-sdk/src/rp2_common/pico_double/double_aeabi.S.obj
                0x1000417a                __wrap___aeabi_dcmpun
 *fill*         0x10004196        0x2 
 .text.__wrap___aeabi_i2d
                0x10004198       0x38 CMakeFiles/main.dir/E_/PicoSDK/pico-sdk/src/rp2_common/pico_double/double_aeabi.S.obj
                0x10004198                __wrap___aeabi_ui2d
                0x100041a0                __wrap___aeabi_i2d
 .text.__wrap___aeabi_d2iz
                0x100041d0       0x48 CMakeFiles/main.dir/E_/PicoSDK/pico-sdk/src/rp2_common/pico_double/double_aeabi.S.obj
                0x100041d0                double2int_z
                0x100041d0                __wrap___aeabi_d2iz
 .text.__wrap___aeabi_d2uiz
                0x10004218       0x18 CMakeFiles/main.dir/E_/PicoSDK/pico-sdk/src/rp2_common/pico_double/double_aeabi.S.obj
                0x10004218                __wrap___aeabi_d2uiz
                0x10004218                double2uint
 .text.__aeabi_double_init
                0x10004230       0xc8 CMakeFiles/main.dir/E_/PicoSDK/pico-sdk/src/rp2_common/pico_double/double_init_rom.c.obj
                0x10004230                __aeabi_double_init
 .text.double_table_shim_on_use_helper
                0x100042f8       0x34 CMakeFiles/main.dir/E_/PicoSDK/pico-sdk/src/rp2_common/pico_double/double_v1_rom_shim.S.obj
                0x100042f8                double_table_shim_on_use_helper
 .text.__wrap___aeabi_dsub
                0x1000432c       0x10 CMakeFiles/main.dir/E_/PicoSDK/pico-sdk/src/rp2_common/pico_double/double_v1_rom_shim.S.obj
                0x1000432c                drsub_shim
                0x10004332                dsub_shim
 .text.dadd_shim
                0x1000433c      0x15c CMakeFiles/main.dir/E_/PicoSDK/pico-sdk/src/rp2_common/pico_double/double_v1_rom_shim.S.obj
                0x1000433c                dadd_shim
 .text.dmul_shim
                0x10004498      0x15c CMakeFiles/main.dir/E_/PicoSDK/pico-sdk/src/rp2_common/pico_double/double_v1_rom_shim.S.obj
                0x10004498                dmul_shim
 .text.ddiv_shim
                0x100045f4      0x1b0 CMakeFiles/main.dir/E_/PicoSDK/pico-sdk/src/rp2_common/pico_double/double_v1_rom_shim.S.obj
                0x100045f4                ddiv_shim
 .text.double2uint_shim
                0x100047a4        0xe CMakeFiles/main.dir/E_/PicoSDK/pico-sdk/src/rp2_common/pico_double/double_v1_rom_shim.S.obj
                0x100047a4                double2uint_shim
                0x100047a6                double2ufix_shim
 *fill*         0x100047b2        0x2 
 .text.double2uint64_shim
                0x100047b4       0x70 CMakeFiles/main.dir/E_/PicoSDK/pico-sdk/src/rp2_common/pico_double/double_v1_rom_shim.S.obj
                0x100047b4                double2uint64_shim
                0x100047b6                double2ufix64_shim
                0x100047d6                d2fix_a
 .text.dunpacks
                0x10004824       0x3c CMakeFiles/main.dir/E_/PicoSDK/pico-sdk/src/rp2_common/pico_double/double_v1_rom_shim.S.obj
                0x10004824                dunpacks
 .text.__aeabi_lmul
                0x10004860       0x32 CMakeFiles/main.dir/E_/PicoSDK/pico-sdk/src/rp2_common/pico_int64_ops/pico_int64_ops_aeabi.S.obj
                0x10004860                __wrap___aeabi_lmul
 *fill*         0x10004892        0x2 
 .text.__aeabi_float_init
                0x10004894       0xfc CMakeFiles/main.dir/E_/PicoSDK/pico-sdk/src/rp2_common/pico_float/float_init_rom.c.obj
                0x10004894                __aeabi_float_init
 .text.float_table_shim_on_use_helper
                0x10004990       0x34 CMakeFiles/main.dir/E_/PicoSDK/pico-sdk/src/rp2_common/pico_float/float_v1_rom_shim.S.obj
                0x10004990                float_table_shim_on_use_helper
 .text          0x100049c4       0x10 CMakeFiles/main.dir/E_/PicoSDK/pico-sdk/src/rp2_common/pico_mem_ops/mem_ops_aeabi.S.obj
                0x100049c4                __aeabi_mem_init
 .text.memset   0x100049d4        0xc CMakeFiles/main.dir/E_/PicoSDK/pico-sdk/src/rp2_common/pico_mem_ops/mem_ops_aeabi.S.obj
                0x100049d4                __wrap_memset
 .text.memcpy   0x100049e0        0xc CMakeFiles/main.dir/E_/PicoSDK/pico-sdk/src/rp2_common/pico_mem_ops/mem_ops_aeabi.S.obj
                0x100049e0                __wrap_memcpy
                0x100049e0                __wrap___aeabi_memcpy
 .text.stdio_out_chars_no_crlf
                0x100049ec        0xe CMakeFiles/main.dir/E_/PicoSDK/pico-sdk/src/rp2_common/pico_stdio/stdio.c.obj
 *fill*         0x100049fa        0x2 
 .text.stdio_out_chars_crlf
                0x100049fc       0x80 CMakeFiles/main.dir/E_/PicoSDK/pico-sdk/src/rp2_common/pico_stdio/stdio.c.obj
 .text.stdio_stack_buffer_flush
                0x10004a7c       0x44 CMakeFiles/main.dir/E_/PicoSDK/pico-sdk/src/rp2_common/pico_stdio/stdio.c.obj
 .text.stdio_buffered_printer
                0x10004ac0       0x20 CMakeFiles/main.dir/E_/PicoSDK/pico-sdk/src/rp2_common/pico_stdio/stdio.c.obj
 .text.stdout_serialize_begin
                0x10004ae0       0x5c CMakeFiles/main.dir/E_/PicoSDK/pico-sdk/src/rp2_common/pico_stdio/stdio.c.obj
                0x10004ae0                stdout_serialize_begin
 .text.stdout_serialize_end
                0x10004b3c       0x10 CMakeFiles/main.dir/E_/PicoSDK/pico-sdk/src/rp2_common/pico_stdio/stdio.c.obj
                0x10004b3c                stdout_serialize_end
 .text.stdio_put_string
                0x10004b4c       0x98 CMakeFiles/main.dir/E_/PicoSDK/pico-sdk/src/rp2_common/pico_stdio/stdio.c.obj
 .text.stdio_set_driver_enabled
                0x10004be4       0x2c CMakeFiles/main.dir/E_/PicoSDK/pico-sdk/src/rp2_common/pico_stdio/stdio.c.obj
                0x10004be4                stdio_set_driver_enabled
 .text.stdio_flush
                0x10004c10       0x20 CMakeFiles/main.dir/E_/PicoSDK/pico-sdk/src/rp2_common/pico_stdio/stdio.c.obj
                0x10004c10                stdio_flush
 .text.__wrap_puts
                0x10004c30       0x1e CMakeFiles/main.dir/E_/PicoSDK/pico-sdk/src/rp2_common/pico_stdio/stdio.c.obj
                0x10004c30                __wrap_puts
 *fill*         0x10004c4e        0x2 
 .text.__wrap_vprintf
                0x10004c50       0x40 CMakeFiles/main.dir/E_/PicoSDK/pico-sdk/src/rp2_common/pico_stdio/stdio.c.obj
                0x10004c50                __wrap_vprintf
 .text.__wrap_printf
                0x10004c90       0x18 CMakeFiles/main.dir/E_/PicoSDK/pico-sdk/src/rp2_common/pico_stdio/stdio.c.obj
                0x10004c90                __wrap_printf
 .text.stdio_init_all
                0x10004ca8        0xa CMakeFiles/main.dir/E_/PicoSDK/pico-sdk/src/rp2_common/pico_stdio/stdio.c.obj
                0x10004ca8                stdio_init_all
 *fill*         0x10004cb2        0x2 
 .text.stdio_uart_out_chars
                0x10004cb4       0x74 CMakeFiles/main.dir/E_/PicoSDK/pico-sdk/src/rp2_common/pico_stdio_uart/stdio_uart.c.obj
 .text.stdio_uart_in_chars
                0x10004d28       0x80 CMakeFiles/main.dir/E_/PicoSDK/pico-sdk/src/rp2_common/pico_stdio_uart/stdio_uart.c.obj
                0x10004d28                stdio_uart_in_chars
 .text.on_uart_rx
                0x10004da8       0x28 CMakeFiles/main.dir/E_/PicoSDK/pico-sdk/src/rp2_common/pico_stdio_uart/stdio_uart.c.obj
 .text.stdio_uart_set_chars_available_callback
                0x10004dd0       0x8c CMakeFiles/main.dir/E_/PicoSDK/pico-sdk/src/rp2_common/pico_stdio_uart/stdio_uart.c.obj
 .text.stdio_uart_init_full
                0x10004e5c       0x44 CMakeFiles/main.dir/E_/PicoSDK/pico-sdk/src/rp2_common/pico_stdio_uart/stdio_uart.c.obj
                0x10004e5c                stdio_uart_init_full
 .text.stdio_uart_init
                0x10004ea0       0x28 CMakeFiles/main.dir/E_/PicoSDK/pico-sdk/src/rp2_common/pico_stdio_uart/stdio_uart.c.obj
                0x10004ea0                stdio_uart_init
 .text.spi_set_baudrate
                0x10004ec8       0xcc CMakeFiles/main.dir/E_/PicoSDK/pico-sdk/src/rp2_common/hardware_spi/spi.c.obj
                0x10004ec8                spi_set_baudrate
 .text.spi_init
                0x10004f94       0x74 CMakeFiles/main.dir/E_/PicoSDK/pico-sdk/src/rp2_common/hardware_spi/spi.c.obj
                0x10004f94                spi_init
 .text.close    0x10005008       0x80 CMakeFiles/main.dir/libraries/ioLibrary_Driver/Ethernet/socket.c.obj
                0x10005008                close
 .text.socket   0x10005088      0x17c CMakeFiles/main.dir/libraries/ioLibrary_Driver/Ethernet/socket.c.obj
                0x10005088                socket
 .text.connect  0x10005204      0x104 CMakeFiles/main.dir/libraries/ioLibrary_Driver/Ethernet/socket.c.obj
                0x10005204                connect
 .text.disconnect
                0x10005308       0x90 CMakeFiles/main.dir/libraries/ioLibrary_Driver/Ethernet/socket.c.obj
                0x10005308                disconnect
 .text.send     0x10005398      0x130 CMakeFiles/main.dir/libraries/ioLibrary_Driver/Ethernet/socket.c.obj
                0x10005398                send
 .text.recv     0x100054c8       0xf0 CMakeFiles/main.dir/libraries/ioLibrary_Driver/Ethernet/socket.c.obj
                0x100054c8                recv
 .text.wizchip_cris_enter
                0x100055b8        0x2 CMakeFiles/main.dir/libraries/ioLibrary_Driver/Ethernet/wizchip_conf.c.obj
                0x100055b8                wizchip_cris_enter
 .text.wizchip_cris_exit
                0x100055ba        0x2 CMakeFiles/main.dir/libraries/ioLibrary_Driver/Ethernet/wizchip_conf.c.obj
                0x100055ba                wizchip_cris_exit
 .text.wizchip_cs_select
                0x100055bc        0x2 CMakeFiles/main.dir/libraries/ioLibrary_Driver/Ethernet/wizchip_conf.c.obj
                0x100055bc                wizchip_cs_select
 .text.wizchip_cs_deselect
                0x100055be        0x2 CMakeFiles/main.dir/libraries/ioLibrary_Driver/Ethernet/wizchip_conf.c.obj
                0x100055be                wizchip_cs_deselect
 .text.wizchip_bus_readdata
                0x100055c0        0x6 CMakeFiles/main.dir/libraries/ioLibrary_Driver/Ethernet/wizchip_conf.c.obj
                0x100055c0                wizchip_bus_readdata
 .text.wizchip_bus_writedata
                0x100055c6        0x4 CMakeFiles/main.dir/libraries/ioLibrary_Driver/Ethernet/wizchip_conf.c.obj
                0x100055c6                wizchip_bus_writedata
 .text.wizchip_spi_readbyte
                0x100055ca        0x4 CMakeFiles/main.dir/libraries/ioLibrary_Driver/Ethernet/wizchip_conf.c.obj
                0x100055ca                wizchip_spi_readbyte
 .text.wizchip_spi_writebyte
                0x100055ce        0x2 CMakeFiles/main.dir/libraries/ioLibrary_Driver/Ethernet/wizchip_conf.c.obj
                0x100055ce                wizchip_spi_writebyte
 .text.reg_wizchip_cris_cbfunc
                0x100055d0       0x28 CMakeFiles/main.dir/libraries/ioLibrary_Driver/Ethernet/wizchip_conf.c.obj
                0x100055d0                reg_wizchip_cris_cbfunc
 .text.reg_wizchip_cs_cbfunc
                0x100055f8       0x28 CMakeFiles/main.dir/libraries/ioLibrary_Driver/Ethernet/wizchip_conf.c.obj
                0x100055f8                reg_wizchip_cs_cbfunc
 .text.reg_wizchip_spi_cbfunc
                0x10005620       0x30 CMakeFiles/main.dir/libraries/ioLibrary_Driver/Ethernet/wizchip_conf.c.obj
                0x10005620                reg_wizchip_spi_cbfunc
 .text.wizchip_sw_reset
                0x10005650       0x76 CMakeFiles/main.dir/libraries/ioLibrary_Driver/Ethernet/wizchip_conf.c.obj
                0x10005650                wizchip_sw_reset
 .text.wizchip_init
                0x100056c6       0x96 CMakeFiles/main.dir/libraries/ioLibrary_Driver/Ethernet/wizchip_conf.c.obj
                0x100056c6                wizchip_init
 .text.wizchip_clrinterrupt
                0x1000575c       0x3e CMakeFiles/main.dir/libraries/ioLibrary_Driver/Ethernet/wizchip_conf.c.obj
                0x1000575c                wizchip_clrinterrupt
 .text.wizchip_getinterrupt
                0x1000579a       0x24 CMakeFiles/main.dir/libraries/ioLibrary_Driver/Ethernet/wizchip_conf.c.obj
                0x1000579a                wizchip_getinterrupt
 .text.wizchip_setinterruptmask
                0x100057be       0x1a CMakeFiles/main.dir/libraries/ioLibrary_Driver/Ethernet/wizchip_conf.c.obj
                0x100057be                wizchip_setinterruptmask
 .text.wizchip_getinterruptmask
                0x100057d8       0x22 CMakeFiles/main.dir/libraries/ioLibrary_Driver/Ethernet/wizchip_conf.c.obj
                0x100057d8                wizchip_getinterruptmask
 .text.wizphy_getphylink
                0x100057fa       0x16 CMakeFiles/main.dir/libraries/ioLibrary_Driver/Ethernet/wizchip_conf.c.obj
                0x100057fa                wizphy_getphylink
 .text.wizphy_getphypmode
                0x10005810       0x1a CMakeFiles/main.dir/libraries/ioLibrary_Driver/Ethernet/wizchip_conf.c.obj
                0x10005810                wizphy_getphypmode
 .text.wizphy_reset
                0x1000582a       0x2c CMakeFiles/main.dir/libraries/ioLibrary_Driver/Ethernet/wizchip_conf.c.obj
                0x1000582a                wizphy_reset
 .text.wizphy_setphyconf
                0x10005856       0x52 CMakeFiles/main.dir/libraries/ioLibrary_Driver/Ethernet/wizchip_conf.c.obj
                0x10005856                wizphy_setphyconf
 .text.wizphy_getphyconf
                0x100058a8       0x74 CMakeFiles/main.dir/libraries/ioLibrary_Driver/Ethernet/wizchip_conf.c.obj
                0x100058a8                wizphy_getphyconf
 .text.wizphy_setphypmode
                0x1000591c       0x66 CMakeFiles/main.dir/libraries/ioLibrary_Driver/Ethernet/wizchip_conf.c.obj
                0x1000591c                wizphy_setphypmode
 *fill*         0x10005982        0x2 
 .text.ctlwizchip
                0x10005984      0x11c CMakeFiles/main.dir/libraries/ioLibrary_Driver/Ethernet/wizchip_conf.c.obj
                0x10005984                ctlwizchip
 .text.wizchip_setnetinfo
                0x10005aa0       0x5c CMakeFiles/main.dir/libraries/ioLibrary_Driver/Ethernet/wizchip_conf.c.obj
                0x10005aa0                wizchip_setnetinfo
 .text.wizchip_getnetinfo
                0x10005afc       0x5c CMakeFiles/main.dir/libraries/ioLibrary_Driver/Ethernet/wizchip_conf.c.obj
                0x10005afc                wizchip_getnetinfo
 .text.wizchip_setnetmode
                0x10005b58       0x26 CMakeFiles/main.dir/libraries/ioLibrary_Driver/Ethernet/wizchip_conf.c.obj
                0x10005b58                wizchip_setnetmode
 .text.wizchip_getnetmode
                0x10005b7e        0xa CMakeFiles/main.dir/libraries/ioLibrary_Driver/Ethernet/wizchip_conf.c.obj
                0x10005b7e                wizchip_getnetmode
 .text.wizchip_settimeout
                0x10005b88       0x26 CMakeFiles/main.dir/libraries/ioLibrary_Driver/Ethernet/wizchip_conf.c.obj
                0x10005b88                wizchip_settimeout
 .text.wizchip_gettimeout
                0x10005bae       0x2c CMakeFiles/main.dir/libraries/ioLibrary_Driver/Ethernet/wizchip_conf.c.obj
                0x10005bae                wizchip_gettimeout
 *fill*         0x10005bda        0x2 
 .text.ctlnetwork
                0x10005bdc       0x54 CMakeFiles/main.dir/libraries/ioLibrary_Driver/Ethernet/wizchip_conf.c.obj
                0x10005bdc                ctlnetwork
 .text.WIZCHIP_READ
                0x10005c30       0x64 CMakeFiles/main.dir/libraries/ioLibrary_Driver/Ethernet/W5500/w5500.c.obj
                0x10005c30                WIZCHIP_READ
 .text.WIZCHIP_WRITE
                0x10005c94       0x60 CMakeFiles/main.dir/libraries/ioLibrary_Driver/Ethernet/W5500/w5500.c.obj
                0x10005c94                WIZCHIP_WRITE
 .text.WIZCHIP_READ_BUF
                0x10005cf4       0x80 CMakeFiles/main.dir/libraries/ioLibrary_Driver/Ethernet/W5500/w5500.c.obj
                0x10005cf4                WIZCHIP_READ_BUF
 .text.WIZCHIP_WRITE_BUF
                0x10005d74       0x78 CMakeFiles/main.dir/libraries/ioLibrary_Driver/Ethernet/W5500/w5500.c.obj
                0x10005d74                WIZCHIP_WRITE_BUF
 .text.getSn_TX_FSR
                0x10005dec       0x64 CMakeFiles/main.dir/libraries/ioLibrary_Driver/Ethernet/W5500/w5500.c.obj
                0x10005dec                getSn_TX_FSR
 .text.getSn_RX_RSR
                0x10005e50       0x64 CMakeFiles/main.dir/libraries/ioLibrary_Driver/Ethernet/W5500/w5500.c.obj
                0x10005e50                getSn_RX_RSR
 .text.wiz_send_data
                0x10005eb4       0x6a CMakeFiles/main.dir/libraries/ioLibrary_Driver/Ethernet/W5500/w5500.c.obj
                0x10005eb4                wiz_send_data
 .text.wiz_recv_data
                0x10005f1e       0x6a CMakeFiles/main.dir/libraries/ioLibrary_Driver/Ethernet/W5500/w5500.c.obj
                0x10005f1e                wiz_recv_data
 .text.wizchip_select
                0x10005f88        0xc CMakeFiles/main.dir/port/ioLibrary_Driver/src/w5x00_spi.c.obj
 .text.wizchip_deselect
                0x10005f94        0xc CMakeFiles/main.dir/port/ioLibrary_Driver/src/w5x00_spi.c.obj
 .text.wizchip_critical_section_unlock
                0x10005fa0       0x20 CMakeFiles/main.dir/port/ioLibrary_Driver/src/w5x00_spi.c.obj
 .text.wizchip_critical_section_lock
                0x10005fc0       0x24 CMakeFiles/main.dir/port/ioLibrary_Driver/src/w5x00_spi.c.obj
 .text.wizchip_write
                0x10005fe4       0x1c CMakeFiles/main.dir/port/ioLibrary_Driver/src/w5x00_spi.c.obj
 .text.wizchip_read
                0x10006000       0x24 CMakeFiles/main.dir/port/ioLibrary_Driver/src/w5x00_spi.c.obj
 .text.wizchip_reset
                0x10006024       0x1e CMakeFiles/main.dir/port/ioLibrary_Driver/src/w5x00_spi.c.obj
                0x10006024                wizchip_reset
 *fill*         0x10006042        0x2 
 .text.wizchip_spi_initialize
                0x10006044       0x40 CMakeFiles/main.dir/port/ioLibrary_Driver/src/w5x00_spi.c.obj
                0x10006044                wizchip_spi_initialize
 .text.wizchip_cris_initialize
                0x10006084       0x20 CMakeFiles/main.dir/port/ioLibrary_Driver/src/w5x00_spi.c.obj
                0x10006084                wizchip_cris_initialize
 .text.wizchip_initialize
                0x100060a4       0x80 CMakeFiles/main.dir/port/ioLibrary_Driver/src/w5x00_spi.c.obj
                0x100060a4                wizchip_initialize
 .text.wizchip_check
                0x10006124       0x28 CMakeFiles/main.dir/port/ioLibrary_Driver/src/w5x00_spi.c.obj
                0x10006124                wizchip_check
 .text.network_initialize
                0x1000614c       0x1c CMakeFiles/main.dir/port/ioLibrary_Driver/src/w5x00_spi.c.obj
                0x1000614c                network_initialize
 .text.print_network_information
                0x10006168       0xf0 CMakeFiles/main.dir/port/ioLibrary_Driver/src/w5x00_spi.c.obj
                0x10006168                print_network_information
 .text.w5x00_read
                0x10006258       0x3c CMakeFiles/main.dir/libraries/ioLibrary_Driver/Internet/MQTT/mqtt_interface.c.obj
                0x10006258                w5x00_read
 .text.w5x00_write
                0x10006294       0x2e CMakeFiles/main.dir/libraries/ioLibrary_Driver/Internet/MQTT/mqtt_interface.c.obj
                0x10006294                w5x00_write
 .text.w5x00_disconnect
                0x100062c2        0xa CMakeFiles/main.dir/libraries/ioLibrary_Driver/Internet/MQTT/mqtt_interface.c.obj
                0x100062c2                w5x00_disconnect
 .text.MilliTimer_Handler
                0x100062cc       0x10 CMakeFiles/main.dir/libraries/ioLibrary_Driver/Internet/MQTT/mqtt_interface.c.obj
                0x100062cc                MilliTimer_Handler
 .text.TimerInit
                0x100062dc        0x6 CMakeFiles/main.dir/libraries/ioLibrary_Driver/Internet/MQTT/mqtt_interface.c.obj
                0x100062dc                TimerInit
 *fill*         0x100062e2        0x2 
 .text.TimerIsExpired
                0x100062e4       0x10 CMakeFiles/main.dir/libraries/ioLibrary_Driver/Internet/MQTT/mqtt_interface.c.obj
                0x100062e4                TimerIsExpired
 .text.TimerCountdownMS
                0x100062f4       0x10 CMakeFiles/main.dir/libraries/ioLibrary_Driver/Internet/MQTT/mqtt_interface.c.obj
                0x100062f4                TimerCountdownMS
 .text.TimerCountdown
                0x10006304       0x1c CMakeFiles/main.dir/libraries/ioLibrary_Driver/Internet/MQTT/mqtt_interface.c.obj
                0x10006304                TimerCountdown
 .text.TimerLeftMS
                0x10006320       0x14 CMakeFiles/main.dir/libraries/ioLibrary_Driver/Internet/MQTT/mqtt_interface.c.obj
                0x10006320                TimerLeftMS
 .text.NewNetwork
                0x10006334       0x1c CMakeFiles/main.dir/libraries/ioLibrary_Driver/Internet/MQTT/mqtt_interface.c.obj
                0x10006334                NewNetwork
 .text.ConnectNetwork
                0x10006350       0x34 CMakeFiles/main.dir/libraries/ioLibrary_Driver/Internet/MQTT/mqtt_interface.c.obj
                0x10006350                ConnectNetwork
 .text.NewMessageData
                0x10006384        0x6 CMakeFiles/main.dir/libraries/ioLibrary_Driver/Internet/MQTT/MQTTClient.c.obj
 *fill*         0x1000638a        0x2 
 .text.getNextPacketId
                0x1000638c       0x18 CMakeFiles/main.dir/libraries/ioLibrary_Driver/Internet/MQTT/MQTTClient.c.obj
 .text.decodePacket
                0x100063a4       0x5c CMakeFiles/main.dir/libraries/ioLibrary_Driver/Internet/MQTT/MQTTClient.c.obj
 .text.isTopicMatched
                0x10006400       0x66 CMakeFiles/main.dir/libraries/ioLibrary_Driver/Internet/MQTT/MQTTClient.c.obj
 .text.sendPacket
                0x10006466       0x64 CMakeFiles/main.dir/libraries/ioLibrary_Driver/Internet/MQTT/MQTTClient.c.obj
 .text.readPacket
                0x100064ca       0x8e CMakeFiles/main.dir/libraries/ioLibrary_Driver/Internet/MQTT/MQTTClient.c.obj
 .text.MQTTClientInit
                0x10006558       0x3c CMakeFiles/main.dir/libraries/ioLibrary_Driver/Internet/MQTT/MQTTClient.c.obj
                0x10006558                MQTTClientInit
 .text.deliverMessage
                0x10006594       0x92 CMakeFiles/main.dir/libraries/ioLibrary_Driver/Internet/MQTT/MQTTClient.c.obj
                0x10006594                deliverMessage
 .text.keepalive
                0x10006626       0x62 CMakeFiles/main.dir/libraries/ioLibrary_Driver/Internet/MQTT/MQTTClient.c.obj
                0x10006626                keepalive
 .text.cycle    0x10006688      0x124 CMakeFiles/main.dir/libraries/ioLibrary_Driver/Internet/MQTT/MQTTClient.c.obj
                0x10006688                cycle
 .text.MQTTYield
                0x100067ac       0x28 CMakeFiles/main.dir/libraries/ioLibrary_Driver/Internet/MQTT/MQTTClient.c.obj
                0x100067ac                MQTTYield
 .text.waitfor  0x100067d4       0x28 CMakeFiles/main.dir/libraries/ioLibrary_Driver/Internet/MQTT/MQTTClient.c.obj
                0x100067d4                waitfor
 .text.MQTTConnect
                0x100067fc       0xac CMakeFiles/main.dir/libraries/ioLibrary_Driver/Internet/MQTT/MQTTClient.c.obj
                0x100067fc                MQTTConnect
 .text.MQTTSubscribe
                0x100068a8       0xe8 CMakeFiles/main.dir/libraries/ioLibrary_Driver/Internet/MQTT/MQTTClient.c.obj
                0x100068a8                MQTTSubscribe
 .text.MQTTPublish
                0x10006990       0xec CMakeFiles/main.dir/libraries/ioLibrary_Driver/Internet/MQTT/MQTTClient.c.obj
                0x10006990                MQTTPublish
 .text.MQTTSerialize_connectLength
                0x10006a7c       0x86 CMakeFiles/main.dir/libraries/ioLibrary_Driver/Internet/MQTT/MQTTPacket/src/MQTTConnectClient.c.obj
                0x10006a7c                MQTTSerialize_connectLength
 *fill*         0x10006b02        0x2 
 .text.MQTTSerialize_connect
                0x10006b04      0x12c CMakeFiles/main.dir/libraries/ioLibrary_Driver/Internet/MQTT/MQTTPacket/src/MQTTConnectClient.c.obj
                0x10006b04                MQTTSerialize_connect
 .text.MQTTDeserialize_connack
                0x10006c30       0x4c CMakeFiles/main.dir/libraries/ioLibrary_Driver/Internet/MQTT/MQTTPacket/src/MQTTConnectClient.c.obj
                0x10006c30                MQTTDeserialize_connack
 .text.MQTTSerialize_zero
                0x10006c7c       0x34 CMakeFiles/main.dir/libraries/ioLibrary_Driver/Internet/MQTT/MQTTPacket/src/MQTTConnectClient.c.obj
                0x10006c7c                MQTTSerialize_zero
 .text.MQTTSerialize_pingreq
                0x10006cb0        0xa CMakeFiles/main.dir/libraries/ioLibrary_Driver/Internet/MQTT/MQTTPacket/src/MQTTConnectClient.c.obj
                0x10006cb0                MQTTSerialize_pingreq
 .text.MQTTDeserialize_publish
                0x10006cba       0x8a CMakeFiles/main.dir/libraries/ioLibrary_Driver/Internet/MQTT/MQTTPacket/src/MQTTDeserializePublish.c.obj
                0x10006cba                MQTTDeserialize_publish
 .text.MQTTDeserialize_ack
                0x10006d44       0x40 CMakeFiles/main.dir/libraries/ioLibrary_Driver/Internet/MQTT/MQTTPacket/src/MQTTDeserializePublish.c.obj
                0x10006d44                MQTTDeserialize_ack
 .text.bufchar  0x10006d84       0x24 CMakeFiles/main.dir/libraries/ioLibrary_Driver/Internet/MQTT/MQTTPacket/src/MQTTPacket.c.obj
                0x10006d84                bufchar
 .text.MQTTPacket_encode
                0x10006da8       0x38 CMakeFiles/main.dir/libraries/ioLibrary_Driver/Internet/MQTT/MQTTPacket/src/MQTTPacket.c.obj
                0x10006da8                MQTTPacket_encode
 .text.MQTTPacket_decode
                0x10006de0       0x46 CMakeFiles/main.dir/libraries/ioLibrary_Driver/Internet/MQTT/MQTTPacket/src/MQTTPacket.c.obj
                0x10006de0                MQTTPacket_decode
 *fill*         0x10006e26        0x2 
 .text.MQTTPacket_len
                0x10006e28       0x28 CMakeFiles/main.dir/libraries/ioLibrary_Driver/Internet/MQTT/MQTTPacket/src/MQTTPacket.c.obj
                0x10006e28                MQTTPacket_len
 .text.MQTTPacket_decodeBuf
                0x10006e50       0x18 CMakeFiles/main.dir/libraries/ioLibrary_Driver/Internet/MQTT/MQTTPacket/src/MQTTPacket.c.obj
                0x10006e50                MQTTPacket_decodeBuf
 .text.readInt  0x10006e68       0x12 CMakeFiles/main.dir/libraries/ioLibrary_Driver/Internet/MQTT/MQTTPacket/src/MQTTPacket.c.obj
                0x10006e68                readInt
 .text.readChar
                0x10006e7a        0xc CMakeFiles/main.dir/libraries/ioLibrary_Driver/Internet/MQTT/MQTTPacket/src/MQTTPacket.c.obj
                0x10006e7a                readChar
 .text.writeChar
                0x10006e86        0xc CMakeFiles/main.dir/libraries/ioLibrary_Driver/Internet/MQTT/MQTTPacket/src/MQTTPacket.c.obj
                0x10006e86                writeChar
 .text.writeInt
                0x10006e92       0x2a CMakeFiles/main.dir/libraries/ioLibrary_Driver/Internet/MQTT/MQTTPacket/src/MQTTPacket.c.obj
                0x10006e92                writeInt
 .text.writeCString
                0x10006ebc       0x2a CMakeFiles/main.dir/libraries/ioLibrary_Driver/Internet/MQTT/MQTTPacket/src/MQTTPacket.c.obj
                0x10006ebc                writeCString
 .text.writeMQTTString
                0x10006ee6       0x40 CMakeFiles/main.dir/libraries/ioLibrary_Driver/Internet/MQTT/MQTTPacket/src/MQTTPacket.c.obj
                0x10006ee6                writeMQTTString
 .text.readMQTTLenString
                0x10006f26       0x34 CMakeFiles/main.dir/libraries/ioLibrary_Driver/Internet/MQTT/MQTTPacket/src/MQTTPacket.c.obj
                0x10006f26                readMQTTLenString
 .text.MQTTstrlen
                0x10006f5a       0x1a CMakeFiles/main.dir/libraries/ioLibrary_Driver/Internet/MQTT/MQTTPacket/src/MQTTPacket.c.obj
                0x10006f5a                MQTTstrlen
 .text.MQTTPacket_equals
                0x10006f74       0x3c CMakeFiles/main.dir/libraries/ioLibrary_Driver/Internet/MQTT/MQTTPacket/src/MQTTPacket.c.obj
                0x10006f74                MQTTPacket_equals
 .text.MQTTSerialize_publishLength
                0x10006fb0       0x28 CMakeFiles/main.dir/libraries/ioLibrary_Driver/Internet/MQTT/MQTTPacket/src/MQTTSerializePublish.c.obj
                0x10006fb0                MQTTSerialize_publishLength
 .text.MQTTSerialize_publish
                0x10006fd8       0xae CMakeFiles/main.dir/libraries/ioLibrary_Driver/Internet/MQTT/MQTTPacket/src/MQTTSerializePublish.c.obj
                0x10006fd8                MQTTSerialize_publish
 .text.MQTTSerialize_ack
                0x10007086       0x54 CMakeFiles/main.dir/libraries/ioLibrary_Driver/Internet/MQTT/MQTTPacket/src/MQTTSerializePublish.c.obj
                0x10007086                MQTTSerialize_ack
 .text.MQTTSerialize_subscribeLength
                0x100070da       0x2c CMakeFiles/main.dir/libraries/ioLibrary_Driver/Internet/MQTT/MQTTPacket/src/MQTTSubscribeClient.c.obj
                0x100070da                MQTTSerialize_subscribeLength
 .text.MQTTSerialize_subscribe
                0x10007106       0x9e CMakeFiles/main.dir/libraries/ioLibrary_Driver/Internet/MQTT/MQTTPacket/src/MQTTSubscribeClient.c.obj
                0x10007106                MQTTSerialize_subscribe
 .text.MQTTDeserialize_suback
                0x100071a4       0x72 CMakeFiles/main.dir/libraries/ioLibrary_Driver/Internet/MQTT/MQTTPacket/src/MQTTSubscribeClient.c.obj
                0x100071a4                MQTTDeserialize_suback
 *fill*         0x10007216        0x2 
 .text.wizchip_1ms_timer_callback
                0x10007218       0x14 CMakeFiles/main.dir/port/timer/timer.c.obj
                0x10007218                wizchip_1ms_timer_callback
 .text.wizchip_1ms_timer_initialize
                0x1000722c       0x38 CMakeFiles/main.dir/port/timer/timer.c.obj
                0x1000722c                wizchip_1ms_timer_initialize
 .text.vListInitialise
                0x10007264       0x16 CMakeFiles/main.dir/libraries/FreeRTOS-Kernel/list.c.obj
                0x10007264                vListInitialise
 .text.vListInitialiseItem
                0x1000727a        0x6 CMakeFiles/main.dir/libraries/FreeRTOS-Kernel/list.c.obj
                0x1000727a                vListInitialiseItem
 .text.vListInsert
                0x10007280       0x2e CMakeFiles/main.dir/libraries/FreeRTOS-Kernel/list.c.obj
                0x10007280                vListInsert
 .text.uxListRemove
                0x100072ae       0x26 CMakeFiles/main.dir/libraries/FreeRTOS-Kernel/list.c.obj
                0x100072ae                uxListRemove
 .text.prvIsQueueEmpty
                0x100072d4       0x1c CMakeFiles/main.dir/libraries/FreeRTOS-Kernel/queue.c.obj
 .text.prvCopyDataFromQueue
                0x100072f0       0x24 CMakeFiles/main.dir/libraries/FreeRTOS-Kernel/queue.c.obj
 .text.prvUnlockQueue
                0x10007314       0x72 CMakeFiles/main.dir/libraries/FreeRTOS-Kernel/queue.c.obj
 .text.xQueueGenericReset
                0x10007386       0xb8 CMakeFiles/main.dir/libraries/FreeRTOS-Kernel/queue.c.obj
                0x10007386                xQueueGenericReset
 .text.prvInitialiseNewQueue
                0x1000743e       0x1c CMakeFiles/main.dir/libraries/FreeRTOS-Kernel/queue.c.obj
 .text.xQueueGenericCreate
                0x1000745a       0x7e CMakeFiles/main.dir/libraries/FreeRTOS-Kernel/queue.c.obj
                0x1000745a                xQueueGenericCreate
 .text.xQueueReceive
                0x100074d8       0xee CMakeFiles/main.dir/libraries/FreeRTOS-Kernel/queue.c.obj
                0x100074d8                xQueueReceive
 *fill*         0x100075c6        0x2 
 .text.vQueueAddToRegistry
                0x100075c8       0x44 CMakeFiles/main.dir/libraries/FreeRTOS-Kernel/queue.c.obj
                0x100075c8                vQueueAddToRegistry
 .text.vQueueWaitForMessageRestricted
                0x1000760c       0x50 CMakeFiles/main.dir/libraries/FreeRTOS-Kernel/queue.c.obj
                0x1000760c                vQueueWaitForMessageRestricted
 .text.prvResetNextTaskUnblockTime
                0x1000765c       0x2c CMakeFiles/main.dir/libraries/FreeRTOS-Kernel/tasks.c.obj
 .text.prvDeleteTCB
                0x10007688       0x12 CMakeFiles/main.dir/libraries/FreeRTOS-Kernel/tasks.c.obj
 *fill*         0x1000769a        0x2 
 .text.prvInitialiseNewTask
                0x1000769c       0xcc CMakeFiles/main.dir/libraries/FreeRTOS-Kernel/tasks.c.obj
 .text.prvInitialiseTaskLists
                0x10007768       0x68 CMakeFiles/main.dir/libraries/FreeRTOS-Kernel/tasks.c.obj
 .text.prvAddNewTaskToReadyList
                0x100077d0       0xc4 CMakeFiles/main.dir/libraries/FreeRTOS-Kernel/tasks.c.obj
 .text.prvCheckTasksWaitingTermination
                0x10007894       0x44 CMakeFiles/main.dir/libraries/FreeRTOS-Kernel/tasks.c.obj
 .text.prvIdleTask
                0x100078d8       0x18 CMakeFiles/main.dir/libraries/FreeRTOS-Kernel/tasks.c.obj
 .text.prvAddCurrentTaskToDelayedList
                0x100078f0       0x94 CMakeFiles/main.dir/libraries/FreeRTOS-Kernel/tasks.c.obj
 .text.xTaskCreate
                0x10007984       0x60 CMakeFiles/main.dir/libraries/FreeRTOS-Kernel/tasks.c.obj
                0x10007984                xTaskCreate
 .text.vTaskStartScheduler
                0x100079e4       0x64 CMakeFiles/main.dir/libraries/FreeRTOS-Kernel/tasks.c.obj
                0x100079e4                vTaskStartScheduler
 .text.vTaskSuspendAll
                0x10007a48       0x10 CMakeFiles/main.dir/libraries/FreeRTOS-Kernel/tasks.c.obj
                0x10007a48                vTaskSuspendAll
 .text.xTaskGetTickCount
                0x10007a58        0xc CMakeFiles/main.dir/libraries/FreeRTOS-Kernel/tasks.c.obj
                0x10007a58                xTaskGetTickCount
 .text.xTaskIncrementTick
                0x10007a64      0x140 CMakeFiles/main.dir/libraries/FreeRTOS-Kernel/tasks.c.obj
                0x10007a64                xTaskIncrementTick
 .text.xTaskResumeAll
                0x10007ba4      0x134 CMakeFiles/main.dir/libraries/FreeRTOS-Kernel/tasks.c.obj
                0x10007ba4                xTaskResumeAll
 .text.vTaskDelay
                0x10007cd8       0x20 CMakeFiles/main.dir/libraries/FreeRTOS-Kernel/tasks.c.obj
                0x10007cd8                vTaskDelay
 .text.vTaskSwitchContext
                0x10007cf8       0x80 CMakeFiles/main.dir/libraries/FreeRTOS-Kernel/tasks.c.obj
                0x10007cf8                vTaskSwitchContext
 .text.vTaskPlaceOnEventList
                0x10007d78       0x1c CMakeFiles/main.dir/libraries/FreeRTOS-Kernel/tasks.c.obj
                0x10007d78                vTaskPlaceOnEventList
 .text.vTaskPlaceOnEventListRestricted
                0x10007d94       0x40 CMakeFiles/main.dir/libraries/FreeRTOS-Kernel/tasks.c.obj
                0x10007d94                vTaskPlaceOnEventListRestricted
 .text.xTaskRemoveFromEventList
                0x10007dd4       0xe0 CMakeFiles/main.dir/libraries/FreeRTOS-Kernel/tasks.c.obj
                0x10007dd4                xTaskRemoveFromEventList
 .text.vTaskInternalSetTimeOutState
                0x10007eb4       0x18 CMakeFiles/main.dir/libraries/FreeRTOS-Kernel/tasks.c.obj
                0x10007eb4                vTaskInternalSetTimeOutState
 .text.xTaskCheckForTimeOut
                0x10007ecc       0x5c CMakeFiles/main.dir/libraries/FreeRTOS-Kernel/tasks.c.obj
                0x10007ecc                xTaskCheckForTimeOut
 .text.vTaskMissedYield
                0x10007f28        0xc CMakeFiles/main.dir/libraries/FreeRTOS-Kernel/tasks.c.obj
                0x10007f28                vTaskMissedYield
 .text.prvGetNextExpireTime
                0x10007f34       0x24 CMakeFiles/main.dir/libraries/FreeRTOS-Kernel/timers.c.obj
 .text.prvInsertTimerInActiveList
                0x10007f58       0x48 CMakeFiles/main.dir/libraries/FreeRTOS-Kernel/timers.c.obj
 .text.prvReloadTimer
                0x10007fa0       0x2a CMakeFiles/main.dir/libraries/FreeRTOS-Kernel/timers.c.obj
 *fill*         0x10007fca        0x2 
 .text.prvProcessExpiredTimer
                0x10007fcc       0x3c CMakeFiles/main.dir/libraries/FreeRTOS-Kernel/timers.c.obj
 .text.prvSwitchTimerLists
                0x10008008       0x30 CMakeFiles/main.dir/libraries/FreeRTOS-Kernel/timers.c.obj
 .text.prvSampleTimeNow
                0x10008038       0x2c CMakeFiles/main.dir/libraries/FreeRTOS-Kernel/timers.c.obj
 .text.prvProcessTimerOrBlockTask
                0x10008064       0x70 CMakeFiles/main.dir/libraries/FreeRTOS-Kernel/timers.c.obj
 .text.prvProcessReceivedCommands
                0x100080d4       0xd8 CMakeFiles/main.dir/libraries/FreeRTOS-Kernel/timers.c.obj
 .text.prvTimerTask
                0x100081ac       0x16 CMakeFiles/main.dir/libraries/FreeRTOS-Kernel/timers.c.obj
 *fill*         0x100081c2        0x2 
 .text.prvCheckForValidListAndQueue
                0x100081c4       0x60 CMakeFiles/main.dir/libraries/FreeRTOS-Kernel/timers.c.obj
 .text.xTimerCreateTimerTask
                0x10008224       0x3c CMakeFiles/main.dir/libraries/FreeRTOS-Kernel/timers.c.obj
                0x10008224                xTimerCreateTimerTask
 .text.prvTaskExitError
                0x10008260       0x12 CMakeFiles/main.dir/libraries/FreeRTOS-Kernel/portable/GCC/ARM_CM0/port.c.obj
 *fill*         0x10008272        0xe 
 .text.vPortStartFirstTask
                0x10008280       0x34 CMakeFiles/main.dir/libraries/FreeRTOS-Kernel/portable/GCC/ARM_CM0/port.c.obj
 .text.pxPortInitialiseStack
                0x100082b4       0x20 CMakeFiles/main.dir/libraries/FreeRTOS-Kernel/portable/GCC/ARM_CM0/port.c.obj
                0x100082b4                pxPortInitialiseStack
 .text.isr_svcall
                0x100082d4        0x2 CMakeFiles/main.dir/libraries/FreeRTOS-Kernel/portable/GCC/ARM_CM0/port.c.obj
                0x100082d4                isr_svcall
 *fill*         0x100082d6        0x2 
 .text.vPortYield
                0x100082d8       0x18 CMakeFiles/main.dir/libraries/FreeRTOS-Kernel/portable/GCC/ARM_CM0/port.c.obj
                0x100082d8                vPortYield
 .text.vPortEnterCritical
                0x100082f0       0x18 CMakeFiles/main.dir/libraries/FreeRTOS-Kernel/portable/GCC/ARM_CM0/port.c.obj
                0x100082f0                vPortEnterCritical
 .text.vPortExitCritical
                0x10008308       0x14 CMakeFiles/main.dir/libraries/FreeRTOS-Kernel/portable/GCC/ARM_CM0/port.c.obj
                0x10008308                vPortExitCritical
 .text.ulSetInterruptMaskFromISR
                0x1000831c        0x8 CMakeFiles/main.dir/libraries/FreeRTOS-Kernel/portable/GCC/ARM_CM0/port.c.obj
                0x1000831c                ulSetInterruptMaskFromISR
 .text.vClearInterruptMaskFromISR
                0x10008324        0x6 CMakeFiles/main.dir/libraries/FreeRTOS-Kernel/portable/GCC/ARM_CM0/port.c.obj
                0x10008324                vClearInterruptMaskFromISR
 *fill*         0x1000832a        0x6 
 .text.isr_pendsv
                0x10008330       0x44 CMakeFiles/main.dir/libraries/FreeRTOS-Kernel/portable/GCC/ARM_CM0/port.c.obj
                0x10008330                isr_pendsv
 .text.isr_systick
                0x10008374       0x24 CMakeFiles/main.dir/libraries/FreeRTOS-Kernel/portable/GCC/ARM_CM0/port.c.obj
                0x10008374                isr_systick
 .text.vPortSetupTimerInterrupt
                0x10008398       0x28 CMakeFiles/main.dir/libraries/FreeRTOS-Kernel/portable/GCC/ARM_CM0/port.c.obj
                0x10008398                vPortSetupTimerInterrupt
 .text.xPortStartScheduler
                0x100083c0       0x3c CMakeFiles/main.dir/libraries/FreeRTOS-Kernel/portable/GCC/ARM_CM0/port.c.obj
                0x100083c0                xPortStartScheduler
 .text.prvHeapInit
                0x100083fc       0x64 CMakeFiles/main.dir/libraries/FreeRTOS-Kernel/portable/MemMang/heap_4.c.obj
 .text.prvInsertBlockIntoFreeList
                0x10008460       0x54 CMakeFiles/main.dir/libraries/FreeRTOS-Kernel/portable/MemMang/heap_4.c.obj
 .text.pvPortMalloc
                0x100084b4       0xe4 CMakeFiles/main.dir/libraries/FreeRTOS-Kernel/portable/MemMang/heap_4.c.obj
                0x100084b4                pvPortMalloc
 .text.vPortFree
                0x10008598       0x50 CMakeFiles/main.dir/libraries/FreeRTOS-Kernel/portable/MemMang/heap_4.c.obj
                0x10008598                vPortFree
 .text._getConfigPayload
                0x100085e8       0x7c CMakeFiles/main.dir/roles/runner.c.obj
                0x100085e8                _getConfigPayload
 .text.generateTopicStat
                0x10008664       0x6c CMakeFiles/main.dir/roles/runner.c.obj
                0x10008664                generateTopicStat
 .text.generateTopicCom
                0x100086d0       0x74 CMakeFiles/main.dir/roles/runner.c.obj
                0x100086d0                generateTopicCom
 .text.initPicoRole
                0x10008744       0x98 CMakeFiles/main.dir/roles/runner.c.obj
                0x10008744                initPicoRole
 .text.memcmp   0x100087dc       0x48 e:/picosdk/gcc-arm-none-eabi/bin/../lib/gcc/arm-none-eabi/10.3.1/../../../../arm-none-eabi/lib/thumb/v6-m/nofp\libg.a(lib_a-memcmp.o)
                0x100087dc                memcmp
 .text.strcpy   0x10008824       0x10 e:/picosdk/gcc-arm-none-eabi/bin/../lib/gcc/arm-none-eabi/10.3.1/../../../../arm-none-eabi/lib/thumb/v6-m/nofp\libg.a(lib_a-strcpy.o)
                0x10008824                strcpy
 .text.strlen   0x10008834       0x5c e:/picosdk/gcc-arm-none-eabi/bin/../lib/gcc/arm-none-eabi/10.3.1/../../../../arm-none-eabi/lib/thumb/v6-m/nofp\libg.a(lib_a-strlen-stub.o)
                0x10008834                strlen
 .text.strncmp  0x10008890       0x74 e:/picosdk/gcc-arm-none-eabi/bin/../lib/gcc/arm-none-eabi/10.3.1/../../../../arm-none-eabi/lib/thumb/v6-m/nofp\libg.a(lib_a-strncmp.o)
                0x10008890                strncmp
 .text.two_way_long_needle
                0x10008904      0x288 e:/picosdk/gcc-arm-none-eabi/bin/../lib/gcc/arm-none-eabi/10.3.1/../../../../arm-none-eabi/lib/thumb/v6-m/nofp\libg.a(lib_a-strstr.o)
 .text.strstr   0x10008b8c      0x174 e:/picosdk/gcc-arm-none-eabi/bin/../lib/gcc/arm-none-eabi/10.3.1/../../../../arm-none-eabi/lib/thumb/v6-m/nofp\libg.a(lib_a-strstr.o)
                0x10008b8c                strstr
 .text.strchr   0x10008d00       0xc0 e:/picosdk/gcc-arm-none-eabi/bin/../lib/gcc/arm-none-eabi/10.3.1/../../../../arm-none-eabi/lib/thumb/v6-m/nofp\libg.a(lib_a-strchr.o)
                0x10008d00                strchr
 .text.strnlen  0x10008dc0       0x24 e:/picosdk/gcc-arm-none-eabi/bin/../lib/gcc/arm-none-eabi/10.3.1/../../../../arm-none-eabi/lib/thumb/v6-m/nofp\libg.a(lib_a-strnlen.o)
                0x10008dc0                strnlen
 *(.fini)
 .fini          0x10008de4        0x4 e:/picosdk/gcc-arm-none-eabi/bin/../lib/gcc/arm-none-eabi/10.3.1/thumb/v6-m/nofp/crti.o
                0x10008de4                _fini
 .fini.__stub   0x10008de8       0x60 linker stubs
 *crtbegin.o(.ctors)
 *crtbegin?.o(.ctors)
 *(EXCLUDE_FILE(*crtend.o *crtend?.o) .ctors)
 *(SORT_BY_NAME(.ctors.*))
 *(.ctors)
 *crtbegin.o(.dtors)
 *crtbegin?.o(.dtors)
 *(EXCLUDE_FILE(*crtend.o *crtend?.o) .dtors)
 *(SORT_BY_NAME(.dtors.*))
 *(.dtors)
 *(.eh_frame*)
 .eh_frame      0x10008e48        0x0 e:/picosdk/gcc-arm-none-eabi/bin/../lib/gcc/arm-none-eabi/10.3.1/thumb/v6-m/nofp/crtbegin.o
                0x10008e48                . = ALIGN (0x4)

.glue_7         0x10008e48        0x0
 .glue_7        0x10008e48        0x0 linker stubs

.glue_7t        0x10008e48        0x0
 .glue_7t       0x10008e48        0x0 linker stubs

.vfp11_veneer   0x10008e48        0x0
 .vfp11_veneer  0x10008e48        0x0 linker stubs

.v4_bx          0x10008e48        0x0
 .v4_bx         0x10008e48        0x0 linker stubs

.iplt           0x10008e48        0x0
 .iplt          0x10008e48        0x0 e:/picosdk/gcc-arm-none-eabi/bin/../lib/gcc/arm-none-eabi/10.3.1/thumb/v6-m/nofp/crtbegin.o

.rodata         0x10008e48     0x15d0
 *(EXCLUDE_FILE(*libm.a: *libc.a:*lib_a-mem*.o *libgcc.a:) .rodata*)
 .rodata.set_clock_khz.str1.4
                0x10008e48       0x32 CMakeFiles/main.dir/main.c.obj
 *fill*         0x10008e7a        0x2 
 .rodata.button_task.str1.4
                0x10008e7c       0x1b CMakeFiles/main.dir/main.c.obj
 *fill*         0x10008e97        0x1 
 .rodata.mqtt_task.str1.4
                0x10008e98       0xdf CMakeFiles/main.dir/main.c.obj
                                 0xe3 (size before relaxing)
 *fill*         0x10008f77        0x1 
 .rodata.message_arrived.str1.4
                0x10008f78       0x31 CMakeFiles/main.dir/main.c.obj
 *fill*         0x10008fa9        0x3 
 .rodata.yield_task.str1.4
                0x10008fac       0x13 CMakeFiles/main.dir/main.c.obj
 *fill*         0x10008fbf        0x1 
 .rodata.main.str1.4
                0x10008fc0       0x24 CMakeFiles/main.dir/main.c.obj
 .rodata.g_net_info
                0x10008fe4       0x17 CMakeFiles/main.dir/main.c.obj
 *fill*         0x10008ffb        0x1 
 .rodata.spin_lock_claim_unused.str1.4
                0x10008ffc       0x1b CMakeFiles/main.dir/E_/PicoSDK/pico-sdk/src/rp2_common/hardware_sync/sync.c.obj
 *fill*         0x10009017        0x1 
 .rodata.make_branch.str1.4
                0x10009018       0x66 CMakeFiles/main.dir/E_/PicoSDK/pico-sdk/src/rp2_common/hardware_irq/irq.c.obj
 *fill*         0x1000907e        0x2 
 .rodata.insert_branch_and_link.str1.4
                0x10009080       0x10 CMakeFiles/main.dir/E_/PicoSDK/pico-sdk/src/rp2_common/hardware_irq/irq.c.obj
 .rodata.irq_set_exclusive_handler.str1.4
                0x10009090       0x36 CMakeFiles/main.dir/E_/PicoSDK/pico-sdk/src/rp2_common/hardware_irq/irq.c.obj
 *fill*         0x100090c6        0x2 
 .rodata.irq_add_shared_handler.str1.4
                0x100090c8       0xd9 CMakeFiles/main.dir/E_/PicoSDK/pico-sdk/src/rp2_common/hardware_irq/irq.c.obj
 *fill*         0x100091a1        0x3 
 .rodata.irq_remove_handler.str1.4
                0x100091a4       0x3a CMakeFiles/main.dir/E_/PicoSDK/pico-sdk/src/rp2_common/hardware_irq/irq.c.obj
 *fill*         0x100091de        0x2 
 .rodata.irq_add_tail_to_free_list.str1.4
                0x100091e0       0x3a CMakeFiles/main.dir/E_/PicoSDK/pico-sdk/src/rp2_common/hardware_irq/irq.c.obj
 *fill*         0x1000921a        0x2 
 .rodata.__func__.0
                0x1000921c       0x1a CMakeFiles/main.dir/E_/PicoSDK/pico-sdk/src/rp2_common/hardware_irq/irq.c.obj
 *fill*         0x10009236        0x2 
 .rodata.__func__.1
                0x10009238       0x17 CMakeFiles/main.dir/E_/PicoSDK/pico-sdk/src/rp2_common/hardware_irq/irq.c.obj
 *fill*         0x1000924f        0x1 
 .rodata.__func__.2
                0x10009250       0x13 CMakeFiles/main.dir/E_/PicoSDK/pico-sdk/src/rp2_common/hardware_irq/irq.c.obj
 *fill*         0x10009263        0x1 
 .rodata.__func__.3
                0x10009264        0xc CMakeFiles/main.dir/E_/PicoSDK/pico-sdk/src/rp2_common/hardware_irq/irq.c.obj
 .rodata.__func__.4
                0x10009270        0xf CMakeFiles/main.dir/E_/PicoSDK/pico-sdk/src/rp2_common/hardware_irq/irq.c.obj
 *fill*         0x1000927f        0x1 
 .rodata.__func__.6
                0x10009280       0x1a CMakeFiles/main.dir/E_/PicoSDK/pico-sdk/src/rp2_common/hardware_irq/irq.c.obj
 *fill*         0x1000929a        0x2 
 .rodata.str1.4
                0x1000929c       0xe1 CMakeFiles/main.dir/E_/PicoSDK/pico-sdk/src/common/pico_sync/mutex.c.obj
 *fill*         0x1000937d        0x3 
 .rodata.__func__.1
                0x10009380        0xb CMakeFiles/main.dir/E_/PicoSDK/pico-sdk/src/common/pico_sync/mutex.c.obj
 *fill*         0x1000938b        0x1 
 .rodata.__func__.3
                0x1000938c       0x18 CMakeFiles/main.dir/E_/PicoSDK/pico-sdk/src/common/pico_sync/mutex.c.obj
 .rodata.repeating_timer_callback.str1.4
                0x100093a4       0x44 CMakeFiles/main.dir/E_/PicoSDK/pico-sdk/src/common/pico_time/time.c.obj
 .rodata.timer_pool_entry_comparator.str1.4
                0x100093e8       0x22 CMakeFiles/main.dir/E_/PicoSDK/pico-sdk/src/common/pico_time/time.c.obj
 *fill*         0x1000940a        0x2 
 .rodata.ph_add_child_node.str1.4
                0x1000940c       0x8e CMakeFiles/main.dir/E_/PicoSDK/pico-sdk/src/common/pico_time/time.c.obj
 *fill*         0x1000949a        0x2 
 .rodata.add_alarm_under_lock.str1.4
                0x1000949c       0x28 CMakeFiles/main.dir/E_/PicoSDK/pico-sdk/src/common/pico_time/time.c.obj
                                 0x2b (size before relaxing)
 .rodata.alarm_pool_alarm_callback.str1.4
                0x100094c4       0x98 CMakeFiles/main.dir/E_/PicoSDK/pico-sdk/src/common/pico_time/time.c.obj
                                 0xf4 (size before relaxing)
 .rodata.alarm_pool_get_default.str1.4
                0x1000955c       0x21 CMakeFiles/main.dir/E_/PicoSDK/pico-sdk/src/common/pico_time/time.c.obj
 *fill*         0x1000957d        0x3 
 .rodata.alarm_pool_cancel_alarm.str1.4
                0x10009580       0x27 CMakeFiles/main.dir/E_/PicoSDK/pico-sdk/src/common/pico_time/time.c.obj
 *fill*         0x100095a7        0x1 
 .rodata.sleep_until.str1.4
                0x100095a8       0x4d CMakeFiles/main.dir/E_/PicoSDK/pico-sdk/src/common/pico_time/time.c.obj
 *fill*         0x100095f5        0x3 
 .rodata.__func__.0
                0x100095f8       0x19 CMakeFiles/main.dir/E_/PicoSDK/pico-sdk/src/common/pico_time/time.c.obj
 *fill*         0x10009611        0x3 
 .rodata.__func__.1
                0x10009614       0x18 CMakeFiles/main.dir/E_/PicoSDK/pico-sdk/src/common/pico_time/time.c.obj
 .rodata.__func__.10
                0x1000962c       0x15 CMakeFiles/main.dir/E_/PicoSDK/pico-sdk/src/common/pico_time/time.c.obj
 *fill*         0x10009641        0x3 
 .rodata.__func__.11
                0x10009644       0x1a CMakeFiles/main.dir/E_/PicoSDK/pico-sdk/src/common/pico_time/time.c.obj
 *fill*         0x1000965e        0x2 
 .rodata.__func__.12
                0x10009660        0xa CMakeFiles/main.dir/E_/PicoSDK/pico-sdk/src/common/pico_time/time.c.obj
 *fill*         0x1000966a        0x2 
 .rodata.__func__.3
                0x1000966c       0x17 CMakeFiles/main.dir/E_/PicoSDK/pico-sdk/src/common/pico_time/time.c.obj
 *fill*         0x10009683        0x1 
 .rodata.__func__.4
                0x10009684       0x12 CMakeFiles/main.dir/E_/PicoSDK/pico-sdk/src/common/pico_time/time.c.obj
 *fill*         0x10009696        0x2 
 .rodata.__func__.5
                0x10009698        0xd CMakeFiles/main.dir/E_/PicoSDK/pico-sdk/src/common/pico_time/time.c.obj
 *fill*         0x100096a5        0x3 
 .rodata.__func__.6
                0x100096a8       0x12 CMakeFiles/main.dir/E_/PicoSDK/pico-sdk/src/common/pico_time/time.c.obj
 *fill*         0x100096ba        0x2 
 .rodata.__func__.7
                0x100096bc        0xf CMakeFiles/main.dir/E_/PicoSDK/pico-sdk/src/common/pico_time/time.c.obj
 *fill*         0x100096cb        0x1 
 .rodata.__func__.8
                0x100096cc        0xc CMakeFiles/main.dir/E_/PicoSDK/pico-sdk/src/common/pico_time/time.c.obj
 .rodata.__func__.9
                0x100096d8       0x15 CMakeFiles/main.dir/E_/PicoSDK/pico-sdk/src/common/pico_time/time.c.obj
 *fill*         0x100096ed        0x3 
 .rodata.hardware_alarm_claim.str1.4
                0x100096f0       0x22 CMakeFiles/main.dir/E_/PicoSDK/pico-sdk/src/rp2_common/hardware_timer/timer.c.obj
 .rodata.busy_wait_us.str1.4
                0x10009712       0x5a CMakeFiles/main.dir/E_/PicoSDK/pico-sdk/src/rp2_common/hardware_timer/timer.c.obj
 *fill*         0x10009712        0x2 
 .rodata.hardware_alarm_set_target.str1.4
                0x10009714       0x5e CMakeFiles/main.dir/E_/PicoSDK/pico-sdk/src/rp2_common/hardware_timer/timer.c.obj
 *fill*         0x10009772        0x2 
 .rodata.__func__.0
                0x10009774       0x1a CMakeFiles/main.dir/E_/PicoSDK/pico-sdk/src/rp2_common/hardware_timer/timer.c.obj
 *fill*         0x1000978e        0x2 
 .rodata.__func__.1
                0x10009790       0x15 CMakeFiles/main.dir/E_/PicoSDK/pico-sdk/src/rp2_common/hardware_timer/timer.c.obj
 .rodata.ph_add_child_node.str1.4
                0x100097a5       0x8e CMakeFiles/main.dir/E_/PicoSDK/pico-sdk/src/common/pico_util/pheap.c.obj
 *fill*         0x100097a5        0x3 
 .rodata.ph_remove_any_head.str1.4
                0x100097a8       0x88 CMakeFiles/main.dir/E_/PicoSDK/pico-sdk/src/common/pico_util/pheap.c.obj
                                 0x9c (size before relaxing)
 .rodata.ph_remove_and_free_node.str1.4
                0x10009830       0x1e CMakeFiles/main.dir/E_/PicoSDK/pico-sdk/src/common/pico_util/pheap.c.obj
                                 0x26 (size before relaxing)
 *fill*         0x1000984e        0x2 
 .rodata.__func__.0
                0x10009850       0x18 CMakeFiles/main.dir/E_/PicoSDK/pico-sdk/src/common/pico_util/pheap.c.obj
 .rodata.__func__.1
                0x10009868       0x13 CMakeFiles/main.dir/E_/PicoSDK/pico-sdk/src/common/pico_util/pheap.c.obj
 *fill*         0x1000987b        0x1 
 .rodata.__func__.2
                0x1000987c       0x12 CMakeFiles/main.dir/E_/PicoSDK/pico-sdk/src/common/pico_util/pheap.c.obj
 *fill*         0x1000988e        0x2 
 .rodata.__func__.3
                0x10009890        0xc CMakeFiles/main.dir/E_/PicoSDK/pico-sdk/src/common/pico_util/pheap.c.obj
 .rodata.clock_configure.str1.4
                0x1000989c       0x50 CMakeFiles/main.dir/E_/PicoSDK/pico-sdk/src/rp2_common/hardware_clocks/clocks.c.obj
 .rodata.__func__.1
                0x100098ec       0x10 CMakeFiles/main.dir/E_/PicoSDK/pico-sdk/src/rp2_common/hardware_clocks/clocks.c.obj
 .rodata.pll_init.str1.4
                0x100098fc      0x11c CMakeFiles/main.dir/E_/PicoSDK/pico-sdk/src/rp2_common/hardware_pll/pll.c.obj
 .rodata.__func__.0
                0x10009a18        0x9 CMakeFiles/main.dir/E_/PicoSDK/pico-sdk/src/rp2_common/hardware_pll/pll.c.obj
 *fill*         0x10009a21        0x3 
 .rodata.__assert_func.str1.4
                0x10009a24       0x3f CMakeFiles/main.dir/E_/PicoSDK/pico-sdk/src/rp2_common/pico_runtime/runtime.c.obj
                                 0x43 (size before relaxing)
 *fill*         0x10009a63        0x1 
 .rodata.runtime_init.str1.4
                0x10009a64       0x5a CMakeFiles/main.dir/E_/PicoSDK/pico-sdk/src/rp2_common/pico_runtime/runtime.c.obj
 *fill*         0x10009abe        0x2 
 .rodata.panic.str1.4
                0x10009ac0       0x10 CMakeFiles/main.dir/E_/PicoSDK/pico-sdk/src/rp2_common/pico_runtime/runtime.c.obj
                                 0x12 (size before relaxing)
 .rodata.__func__.2
                0x10009ad0        0xd CMakeFiles/main.dir/E_/PicoSDK/pico-sdk/src/rp2_common/pico_runtime/runtime.c.obj
 *fill*         0x10009add        0x3 
 .rodata._ftoa.str1.4
                0x10009ae0       0x15 CMakeFiles/main.dir/E_/PicoSDK/pico-sdk/src/rp2_common/pico_printf/printf.c.obj
 *fill*         0x10009af5        0x3 
 .rodata._vsnprintf
                0x10009af8      0x1e0 CMakeFiles/main.dir/E_/PicoSDK/pico-sdk/src/rp2_common/pico_printf/printf.c.obj
 .rodata.pow10.0
                0x10009cd8       0x50 CMakeFiles/main.dir/E_/PicoSDK/pico-sdk/src/rp2_common/pico_printf/printf.c.obj
 .rodata.__aeabi_double_init.str1.4
                0x10009d28       0x95 CMakeFiles/main.dir/E_/PicoSDK/pico-sdk/src/rp2_common/pico_double/double_init_rom.c.obj
 *fill*         0x10009dbd        0x3 
 .rodata.__func__.0
                0x10009dc0       0x14 CMakeFiles/main.dir/E_/PicoSDK/pico-sdk/src/rp2_common/pico_double/double_init_rom.c.obj
 .rodata.__aeabi_float_init.str1.4
                0x10009dd4       0x73 CMakeFiles/main.dir/E_/PicoSDK/pico-sdk/src/rp2_common/pico_float/float_init_rom.c.obj
                                 0x77 (size before relaxing)
 *fill*         0x10009e47        0x1 
 .rodata.__func__.0
                0x10009e48       0x13 CMakeFiles/main.dir/E_/PicoSDK/pico-sdk/src/rp2_common/pico_float/float_init_rom.c.obj
 *fill*         0x10009e5b        0x1 
 .rodata.str1.4
                0x10009e5c       0x34 CMakeFiles/main.dir/E_/PicoSDK/pico-sdk/src/rp2_common/pico_standard_link/binary_info.c.obj
                                 0x3c (size before relaxing)
 .rodata.__bi_44
                0x10009e90        0xc CMakeFiles/main.dir/E_/PicoSDK/pico-sdk/src/rp2_common/pico_standard_link/binary_info.c.obj
 .rodata.__bi_75
                0x10009e9c        0xc CMakeFiles/main.dir/E_/PicoSDK/pico-sdk/src/rp2_common/pico_standard_link/binary_info.c.obj
 .rodata.__bi_81
                0x10009ea8        0xc CMakeFiles/main.dir/E_/PicoSDK/pico-sdk/src/rp2_common/pico_standard_link/binary_info.c.obj
 .rodata.stdout_serialize_begin.str1.4
                0x10009eb4       0x5a CMakeFiles/main.dir/E_/PicoSDK/pico-sdk/src/rp2_common/pico_stdio/stdio.c.obj
 .rodata.__func__.3
                0x10009eb4       0x15 CMakeFiles/main.dir/E_/PicoSDK/pico-sdk/src/rp2_common/pico_stdio/stdio.c.obj
 *fill*         0x10009ec9        0x3 
 .rodata.crlf_str.2
                0x10009ecc        0x2 CMakeFiles/main.dir/E_/PicoSDK/pico-sdk/src/rp2_common/pico_stdio/stdio.c.obj
 *fill*         0x10009ece        0x2 
 .rodata.str1.4
                0x10009ed0       0x2c CMakeFiles/main.dir/E_/PicoSDK/pico-sdk/src/rp2_common/pico_stdio_uart/stdio_uart.c.obj
 .rodata.__bi_33.4
                0x10009efc        0xc CMakeFiles/main.dir/E_/PicoSDK/pico-sdk/src/rp2_common/pico_stdio_uart/stdio_uart.c.obj
 .rodata.__bi_34.5
                0x10009f08        0x8 CMakeFiles/main.dir/E_/PicoSDK/pico-sdk/src/rp2_common/pico_stdio_uart/stdio_uart.c.obj
 .rodata.ctlwizchip
                0x10009f10       0x40 CMakeFiles/main.dir/libraries/ioLibrary_Driver/Ethernet/wizchip_conf.c.obj
 .rodata.ctlnetwork
                0x10009f50       0x18 CMakeFiles/main.dir/libraries/ioLibrary_Driver/Ethernet/wizchip_conf.c.obj
 .rodata.wizchip_initialize.str1.4
                0x10009f68       0x31 CMakeFiles/main.dir/port/ioLibrary_Driver/src/w5x00_spi.c.obj
 *fill*         0x10009f99        0x3 
 .rodata.wizchip_check.str1.4
                0x10009f9c       0x34 CMakeFiles/main.dir/port/ioLibrary_Driver/src/w5x00_spi.c.obj
 .rodata.print_network_information.str1.4
                0x10009fd0      0x1ba CMakeFiles/main.dir/port/ioLibrary_Driver/src/w5x00_spi.c.obj
 *fill*         0x1000a18a        0x2 
 .rodata.str1.4
                0x1000a18c       0x20 CMakeFiles/main.dir/port/ioLibrary_Driver/src/w5x00_spi.c.obj
 .rodata        0x1000a1ac       0x10 CMakeFiles/main.dir/port/ioLibrary_Driver/src/w5x00_spi.c.obj
 .rodata.__bi_149.0
                0x1000a1bc        0x8 CMakeFiles/main.dir/port/ioLibrary_Driver/src/w5x00_spi.c.obj
 .rodata.__bi_157.1
                0x1000a1c4        0xc CMakeFiles/main.dir/port/ioLibrary_Driver/src/w5x00_spi.c.obj
 .rodata.__bi_59.2
                0x1000a1d0        0xc CMakeFiles/main.dir/port/ioLibrary_Driver/src/w5x00_spi.c.obj
 .rodata        0x1000a1dc       0x58 CMakeFiles/main.dir/libraries/ioLibrary_Driver/Internet/MQTT/MQTTClient.c.obj
 .rodata.MQTTSerialize_connect.str1.4
                0x1000a234        0xf CMakeFiles/main.dir/libraries/ioLibrary_Driver/Internet/MQTT/MQTTPacket/src/MQTTConnectClient.c.obj
 *fill*         0x1000a243        0x1 
 .rodata.vTaskStartScheduler.str1.4
                0x1000a244        0x5 CMakeFiles/main.dir/libraries/FreeRTOS-Kernel/tasks.c.obj
 *fill*         0x1000a249        0x3 
 .rodata.prvProcessReceivedCommands
                0x1000a24c       0x28 CMakeFiles/main.dir/libraries/FreeRTOS-Kernel/timers.c.obj
 .rodata.prvCheckForValidListAndQueue.str1.4
                0x1000a274        0x5 CMakeFiles/main.dir/libraries/FreeRTOS-Kernel/timers.c.obj
 *fill*         0x1000a279        0x3 
 .rodata.xTimerCreateTimerTask.str1.4
                0x1000a27c        0x8 CMakeFiles/main.dir/libraries/FreeRTOS-Kernel/timers.c.obj
 .rodata._getConfigPayload.str1.4
                0x1000a284       0xfe CMakeFiles/main.dir/roles/runner.c.obj
 *fill*         0x1000a382        0x2 
 .rodata.generateTopicStat.str1.4
                0x1000a384       0x22 CMakeFiles/main.dir/roles/runner.c.obj
 *fill*         0x1000a3a6        0x2 
 .rodata.generateTopicCom.str1.4
                0x1000a3a8       0x23 CMakeFiles/main.dir/roles/runner.c.obj
 *fill*         0x1000a3cb        0x1 
 .rodata.initPicoRole.str1.4
                0x1000a3cc        0xa CMakeFiles/main.dir/roles/runner.c.obj
 *fill*         0x1000a3d6        0x2 
 .rodata        0x1000a3d8       0x40 CMakeFiles/main.dir/roles/runner.c.obj
                0x1000a418                . = ALIGN (0x4)
 *(SORT_BY_ALIGNMENT(SORT_BY_NAME(.flashdata*)))
                0x1000a418                . = ALIGN (0x4)

.ARM.extab
 *(.ARM.extab* .gnu.linkonce.armextab.*)
                0x1000a418                __exidx_start = .

.ARM.exidx
 *(.ARM.exidx* .gnu.linkonce.armexidx.*)
                0x1000a418                __exidx_end = .
                0x1000a418                . = ALIGN (0x4)
                0x1000a418                __binary_info_start = .

.binary_info    0x1000a418       0x30
 *(.binary_info.keep.*)
 .binary_info.keep.__bi_ptr22
                0x1000a418        0x4 CMakeFiles/main.dir/E_/PicoSDK/pico-sdk/src/rp2_common/pico_standard_link/binary_info.c.obj
 .binary_info.keep.__bi_ptr30
                0x1000a41c        0x4 CMakeFiles/main.dir/E_/PicoSDK/pico-sdk/src/rp2_common/pico_standard_link/binary_info.c.obj
 .binary_info.keep.__bi_ptr38
                0x1000a420        0x4 CMakeFiles/main.dir/E_/PicoSDK/pico-sdk/src/rp2_common/pico_standard_link/binary_info.c.obj
 .binary_info.keep.__bi_ptr44
                0x1000a424        0x4 CMakeFiles/main.dir/E_/PicoSDK/pico-sdk/src/rp2_common/pico_standard_link/binary_info.c.obj
 .binary_info.keep.__bi_ptr50
                0x1000a428        0x4 CMakeFiles/main.dir/E_/PicoSDK/pico-sdk/src/rp2_common/pico_standard_link/binary_info.c.obj
 .binary_info.keep.__bi_ptr75
                0x1000a42c        0x4 CMakeFiles/main.dir/E_/PicoSDK/pico-sdk/src/rp2_common/pico_standard_link/binary_info.c.obj
 .binary_info.keep.__bi_ptr81
                0x1000a430        0x4 CMakeFiles/main.dir/E_/PicoSDK/pico-sdk/src/rp2_common/pico_standard_link/binary_info.c.obj
 .binary_info.keep.__bi_ptr149
                0x1000a434        0x4 CMakeFiles/main.dir/port/ioLibrary_Driver/src/w5x00_spi.c.obj
 .binary_info.keep.__bi_ptr157
                0x1000a438        0x4 CMakeFiles/main.dir/port/ioLibrary_Driver/src/w5x00_spi.c.obj
 .binary_info.keep.__bi_ptr59
                0x1000a43c        0x4 CMakeFiles/main.dir/port/ioLibrary_Driver/src/w5x00_spi.c.obj
 *(.binary_info.*)
 .binary_info.__bi_ptr33
                0x1000a440        0x4 CMakeFiles/main.dir/E_/PicoSDK/pico-sdk/src/rp2_common/pico_stdio_uart/stdio_uart.c.obj
 .binary_info.__bi_ptr34
                0x1000a444        0x4 CMakeFiles/main.dir/E_/PicoSDK/pico-sdk/src/rp2_common/pico_stdio_uart/stdio_uart.c.obj
                0x1000a448                __binary_info_end = .

.rel.dyn        0x1000a448        0x0
 .rel.iplt      0x1000a448        0x0 e:/picosdk/gcc-arm-none-eabi/bin/../lib/gcc/arm-none-eabi/10.3.1/thumb/v6-m/nofp/crtbegin.o
                0x1000a448                . = ALIGN (0x4)

.ram_vector_table
                0x20000000       0xc0
 *(.ram_vector_table)
 .ram_vector_table
                0x20000000       0xc0 CMakeFiles/main.dir/E_/PicoSDK/pico-sdk/src/rp2_common/pico_runtime/runtime.c.obj
                0x20000000                ram_vector_table

.data           0x200000c0      0x34c load address 0x1000a448
                0x200000c0                __data_start__ = .
 *(vtable)
 *(.time_critical*)
 .time_critical.mutex_try_enter
                0x200000c0       0x46 CMakeFiles/main.dir/E_/PicoSDK/pico-sdk/src/common/pico_sync/mutex.c.obj
                0x200000c0                mutex_try_enter
 *fill*         0x20000106        0x2 
 .time_critical.mutex_enter_block_until
                0x20000108       0x8c CMakeFiles/main.dir/E_/PicoSDK/pico-sdk/src/common/pico_sync/mutex.c.obj
                0x20000108                mutex_enter_block_until
 .time_critical.mutex_try_enter_block_until
                0x20000194       0x34 CMakeFiles/main.dir/E_/PicoSDK/pico-sdk/src/common/pico_sync/mutex.c.obj
                0x20000194                mutex_try_enter_block_until
 .time_critical.mutex_exit
                0x200001c8       0x4c CMakeFiles/main.dir/E_/PicoSDK/pico-sdk/src/common/pico_sync/mutex.c.obj
                0x200001c8                mutex_exit
 .time_critical.spi_write_blocking
                0x20000214       0x3a CMakeFiles/main.dir/E_/PicoSDK/pico-sdk/src/rp2_common/hardware_spi/spi.c.obj
                0x20000214                spi_write_blocking
 .time_critical.spi_read_blocking
                0x2000024e       0x3e CMakeFiles/main.dir/E_/PicoSDK/pico-sdk/src/rp2_common/hardware_spi/spi.c.obj
                0x2000024e                spi_read_blocking
 *(.text*)
 .text          0x2000028c        0x4 e:/picosdk/gcc-arm-none-eabi/bin/../lib/gcc/arm-none-eabi/10.3.1/thumb/v6-m/nofp\libgcc.a(_dvmd_tls.o)
                0x2000028c                __aeabi_idiv0
                0x2000028c                __aeabi_ldiv0
 .text.__stub   0x20000290       0x20 linker stubs
                0x200002b0                . = ALIGN (0x4)
 *(.rodata*)
                0x200002b0                . = ALIGN (0x4)
 *(.data*)
 .data.g_mqtt_broker_ip
                0x200002b0        0x4 CMakeFiles/main.dir/main.c.obj
 .data.g_mqtt_packet_connect_data
                0x200002b4       0x58 CMakeFiles/main.dir/main.c.obj
 .data.striped_spin_lock_num
                0x2000030c        0x1 CMakeFiles/main.dir/E_/PicoSDK/pico-sdk/src/rp2_common/hardware_sync/sync.c.obj
 *fill*         0x2000030d        0x3 
 .data          0x20000310       0x48 CMakeFiles/main.dir/E_/PicoSDK/pico-sdk/src/rp2_common/hardware_irq/irq_handler_chain.S.obj
                0x20000310                irq_handler_chain_slots
                0x20000340                irq_handler_chain_first_slot
                0x2000034a                irq_handler_chain_remove_tail
 .data.default_alarm_pool
                0x20000358       0x18 CMakeFiles/main.dir/E_/PicoSDK/pico-sdk/src/common/pico_time/time.c.obj
 .data.default_alarm_pool_heap
                0x20000370       0x10 CMakeFiles/main.dir/E_/PicoSDK/pico-sdk/src/common/pico_time/time.c.obj
 .data.aeabi_bits_funcs
                0x20000380       0x10 CMakeFiles/main.dir/E_/PicoSDK/pico-sdk/src/rp2_common/pico_bit_ops/bit_ops_aeabi.S.obj
                0x20000380                aeabi_bits_funcs
                0x20000390                aeabi_bits_funcs_end
 .data.aeabi_mem_funcs
                0x20000390       0x10 CMakeFiles/main.dir/E_/PicoSDK/pico-sdk/src/rp2_common/pico_mem_ops/mem_ops_aeabi.S.obj
                0x20000390                aeabi_mem_funcs
                0x200003a0                aeabi_mem_funcs_end
 .data.stdio_uart
                0x200003a0       0x18 CMakeFiles/main.dir/E_/PicoSDK/pico-sdk/src/rp2_common/pico_stdio_uart/stdio_uart.c.obj
                0x200003a0                stdio_uart
 .data.sock_any_port
                0x200003b8        0x2 CMakeFiles/main.dir/libraries/ioLibrary_Driver/Ethernet/socket.c.obj
 *fill*         0x200003ba        0x2 
 .data.WIZCHIP  0x200003bc       0x2c CMakeFiles/main.dir/libraries/ioLibrary_Driver/Ethernet/wizchip_conf.c.obj
                0x200003bc                WIZCHIP
 .data.uxTopUsedPriority